C:/Users/Sasha/STM32Cube/Repository/STM32Cube_FW_F2_V1.9.5/Middlewares/Third_Party/LwIP/src/core/timeouts.c:204:1:sys_timeout	24	static
C:/Users/Sasha/STM32Cube/Repository/STM32Cube_FW_F2_V1.9.5/Middlewares/Third_Party/LwIP/src/core/timeouts.c:147:1:tcp_timer_needed	0	static
C:/Users/Sasha/STM32Cube/Repository/STM32Cube_FW_F2_V1.9.5/Middlewares/Third_Party/LwIP/src/core/timeouts.c:125:1:tcpip_tcp_timer	8	static
C:/Users/Sasha/STM32Cube/Repository/STM32Cube_FW_F2_V1.9.5/Middlewares/Third_Party/LwIP/src/core/timeouts.c:175:6:sys_timeouts_init	16	static
C:/Users/Sasha/STM32Cube/Repository/STM32Cube_FW_F2_V1.9.5/Middlewares/Third_Party/LwIP/src/core/timeouts.c:164:1:cyclic_timer	8	static
C:/Users/Sasha/STM32Cube/Repository/STM32Cube_FW_F2_V1.9.5/Middlewares/Third_Party/LwIP/src/core/timeouts.c:273:1:sys_untimeout	12	static
C:/Users/Sasha/STM32Cube/Repository/STM32Cube_FW_F2_V1.9.5/Middlewares/Third_Party/LwIP/src/core/timeouts.c:369:1:sys_restart_timeouts	8	static
C:/Users/Sasha/STM32Cube/Repository/STM32Cube_FW_F2_V1.9.5/Middlewares/Third_Party/LwIP/src/core/timeouts.c:405:1:sys_timeouts_mbox_fetch	32	static
