C:/Users/123/STM32CubeIDE/Repository/STM32Cube_FW_F2_V1.9.5/Drivers/STM32F2xx_HAL_Driver/Src/stm32f2xx_ll_fsmc.c:195:20:FSMC_NORSRAM_Init	16	static
C:/Users/123/STM32CubeIDE/Repository/STM32Cube_FW_F2_V1.9.5/Drivers/STM32F2xx_HAL_Driver/Src/stm32f2xx_ll_fsmc.c:275:19:FSMC_NORSRAM_DeInit	8	static
C:/Users/123/STM32CubeIDE/Repository/STM32Cube_FW_F2_V1.9.5/Drivers/STM32F2xx_HAL_Driver/Src/stm32f2xx_ll_fsmc.c:312:19:FSMC_NORSRAM_Timing_Init	8	static
C:/Users/123/STM32CubeIDE/Repository/STM32Cube_FW_F2_V1.9.5/Drivers/STM32F2xx_HAL_Driver/Src/stm32f2xx_ll_fsmc.c:352:19:FSMC_NORSRAM_Extended_Timing_Init	12	static
C:/Users/123/STM32CubeIDE/Repository/STM32Cube_FW_F2_V1.9.5/Drivers/STM32F2xx_HAL_Driver/Src/stm32f2xx_ll_fsmc.c:410:19:FSMC_NORSRAM_WriteOperation_Enable	0	static
C:/Users/123/STM32CubeIDE/Repository/STM32Cube_FW_F2_V1.9.5/Drivers/STM32F2xx_HAL_Driver/Src/stm32f2xx_ll_fsmc.c:428:19:FSMC_NORSRAM_WriteOperation_Disable	0	static
C:/Users/123/STM32CubeIDE/Repository/STM32Cube_FW_F2_V1.9.5/Drivers/STM32F2xx_HAL_Driver/Src/stm32f2xx_ll_fsmc.c:498:19:FSMC_NAND_Init	20	static
C:/Users/123/STM32CubeIDE/Repository/STM32Cube_FW_F2_V1.9.5/Drivers/STM32F2xx_HAL_Driver/Src/stm32f2xx_ll_fsmc.c:545:19:FSMC_NAND_CommonSpace_Timing_Init	8	static
C:/Users/123/STM32CubeIDE/Repository/STM32Cube_FW_F2_V1.9.5/Drivers/STM32F2xx_HAL_Driver/Src/stm32f2xx_ll_fsmc.c:585:19:FSMC_NAND_AttributeSpace_Timing_Init	8	static
C:/Users/123/STM32CubeIDE/Repository/STM32Cube_FW_F2_V1.9.5/Drivers/STM32F2xx_HAL_Driver/Src/stm32f2xx_ll_fsmc.c:623:19:FSMC_NAND_DeInit	0	static
C:/Users/123/STM32CubeIDE/Repository/STM32Cube_FW_F2_V1.9.5/Drivers/STM32F2xx_HAL_Driver/Src/stm32f2xx_ll_fsmc.c:680:19:FSMC_NAND_ECC_Enable	0	static
C:/Users/123/STM32CubeIDE/Repository/STM32Cube_FW_F2_V1.9.5/Drivers/STM32F2xx_HAL_Driver/Src/stm32f2xx_ll_fsmc.c:706:19:FSMC_NAND_ECC_Disable	0	static
C:/Users/123/STM32CubeIDE/Repository/STM32Cube_FW_F2_V1.9.5/Drivers/STM32F2xx_HAL_Driver/Src/stm32f2xx_ll_fsmc.c:733:19:FSMC_NAND_GetECC	24	static
C:/Users/123/STM32CubeIDE/Repository/STM32Cube_FW_F2_V1.9.5/Drivers/STM32F2xx_HAL_Driver/Src/stm32f2xx_ll_fsmc.c:824:19:FSMC_PCCARD_Init	0	static
C:/Users/123/STM32CubeIDE/Repository/STM32Cube_FW_F2_V1.9.5/Drivers/STM32F2xx_HAL_Driver/Src/stm32f2xx_ll_fsmc.c:857:19:FSMC_PCCARD_CommonSpace_Timing_Init	0	static
C:/Users/123/STM32CubeIDE/Repository/STM32Cube_FW_F2_V1.9.5/Drivers/STM32F2xx_HAL_Driver/Src/stm32f2xx_ll_fsmc.c:886:19:FSMC_PCCARD_AttributeSpace_Timing_Init	0	static
C:/Users/123/STM32CubeIDE/Repository/STM32Cube_FW_F2_V1.9.5/Drivers/STM32F2xx_HAL_Driver/Src/stm32f2xx_ll_fsmc.c:915:19:FSMC_PCCARD_IOSpace_Timing_Init	0	static
C:/Users/123/STM32CubeIDE/Repository/STM32Cube_FW_F2_V1.9.5/Drivers/STM32F2xx_HAL_Driver/Src/stm32f2xx_ll_fsmc.c:942:19:FSMC_PCCARD_DeInit	0	static
