C:/Users/123/STM32CubeIDE/Repository/STM32Cube_FW_F2_V1.9.5/Drivers/STM32F2xx_HAL_Driver/Src/stm32f2xx_hal_adc_ex.c:1048:13:ADC_MultiModeDMAError	0	static
C:/Users/123/STM32CubeIDE/Repository/STM32Cube_FW_F2_V1.9.5/Drivers/STM32F2xx_HAL_Driver/Src/stm32f2xx_hal_adc_ex.c:1035:13:ADC_MultiModeDMAHalfConvCplt	0	static
C:/Users/123/STM32CubeIDE/Repository/STM32Cube_FW_F2_V1.9.5/Drivers/STM32F2xx_HAL_Driver/Src/stm32f2xx_hal_adc_ex.c:982:13:ADC_MultiModeDMAConvCplt	0	static
C:/Users/123/STM32CubeIDE/Repository/STM32Cube_FW_F2_V1.9.5/Drivers/STM32F2xx_HAL_Driver/Src/stm32f2xx_hal_adc_ex.c:148:19:HAL_ADCEx_InjectedStart	8	static
C:/Users/123/STM32CubeIDE/Repository/STM32Cube_FW_F2_V1.9.5/Drivers/STM32F2xx_HAL_Driver/Src/stm32f2xx_hal_adc_ex.c:245:19:HAL_ADCEx_InjectedStart_IT	8	static
C:/Users/123/STM32CubeIDE/Repository/STM32Cube_FW_F2_V1.9.5/Drivers/STM32F2xx_HAL_Driver/Src/stm32f2xx_hal_adc_ex.c:350:19:HAL_ADCEx_InjectedStop	0	static
C:/Users/123/STM32CubeIDE/Repository/STM32Cube_FW_F2_V1.9.5/Drivers/STM32F2xx_HAL_Driver/Src/stm32f2xx_hal_adc_ex.c:404:19:HAL_ADCEx_InjectedPollForConversion	16	static
C:/Users/123/STM32CubeIDE/Repository/STM32Cube_FW_F2_V1.9.5/Drivers/STM32F2xx_HAL_Driver/Src/stm32f2xx_hal_adc_ex.c:475:19:HAL_ADCEx_InjectedStop_IT	0	static
C:/Users/123/STM32CubeIDE/Repository/STM32Cube_FW_F2_V1.9.5/Drivers/STM32F2xx_HAL_Driver/Src/stm32f2xx_hal_adc_ex.c:537:10:HAL_ADCEx_InjectedGetValue	8	static
C:/Users/123/STM32CubeIDE/Repository/STM32Cube_FW_F2_V1.9.5/Drivers/STM32F2xx_HAL_Driver/Src/stm32f2xx_hal_adc_ex.c:588:19:HAL_ADCEx_MultiModeStart_DMA	24	static
C:/Users/123/STM32CubeIDE/Repository/STM32Cube_FW_F2_V1.9.5/Drivers/STM32F2xx_HAL_Driver/Src/stm32f2xx_hal_adc_ex.c:709:19:HAL_ADCEx_MultiModeStop_DMA	8	static
C:/Users/123/STM32CubeIDE/Repository/STM32Cube_FW_F2_V1.9.5/Drivers/STM32F2xx_HAL_Driver/Src/stm32f2xx_hal_adc_ex.c:756:10:HAL_ADCEx_MultiModeGetValue	0	static
C:/Users/123/STM32CubeIDE/Repository/STM32Cube_FW_F2_V1.9.5/Drivers/STM32F2xx_HAL_Driver/Src/stm32f2xx_hal_adc_ex.c:770:13:HAL_ADCEx_InjectedConvCpltCallback	0	static
C:/Users/123/STM32CubeIDE/Repository/STM32Cube_FW_F2_V1.9.5/Drivers/STM32F2xx_HAL_Driver/Src/stm32f2xx_hal_adc_ex.c:787:19:HAL_ADCEx_InjectedConfigChannel	20	static
C:/Users/123/STM32CubeIDE/Repository/STM32Cube_FW_F2_V1.9.5/Drivers/STM32F2xx_HAL_Driver/Src/stm32f2xx_hal_adc_ex.c:943:19:HAL_ADCEx_MultiModeConfigChannel	8	static
