Archive member included to satisfy reference by file (symbol)

C:/ST/STM32CubeIDE_1.17.0/STM32CubeIDE/plugins/com.st.stm32cube.ide.mcu.externaltools.gnu-tools-for-stm32.12.3.rel1.win32_1.1.0.202410251130/tools/bin/../lib/gcc/arm-none-eabi/12.3.1/../../../../arm-none-eabi/lib/thumb/v7-m/nofp\libc_nano.a(libc_a-exit.o)
                              C:/ST/STM32CubeIDE_1.17.0/STM32CubeIDE/plugins/com.st.stm32cube.ide.mcu.externaltools.gnu-tools-for-stm32.12.3.rel1.win32_1.1.0.202410251130/tools/bin/../lib/gcc/arm-none-eabi/12.3.1/../../../../arm-none-eabi/lib/thumb/v7-m/nofp/crt0.o (exit)
C:/ST/STM32CubeIDE_1.17.0/STM32CubeIDE/plugins/com.st.stm32cube.ide.mcu.externaltools.gnu-tools-for-stm32.12.3.rel1.win32_1.1.0.202410251130/tools/bin/../lib/gcc/arm-none-eabi/12.3.1/../../../../arm-none-eabi/lib/thumb/v7-m/nofp\libc_nano.a(libc_a-findfp.o)
                              C:/ST/STM32CubeIDE_1.17.0/STM32CubeIDE/plugins/com.st.stm32cube.ide.mcu.externaltools.gnu-tools-for-stm32.12.3.rel1.win32_1.1.0.202410251130/tools/bin/../lib/gcc/arm-none-eabi/12.3.1/../../../../arm-none-eabi/lib/thumb/v7-m/nofp\libc_nano.a(libc_a-exit.o) (__stdio_exit_handler)
C:/ST/STM32CubeIDE_1.17.0/STM32CubeIDE/plugins/com.st.stm32cube.ide.mcu.externaltools.gnu-tools-for-stm32.12.3.rel1.win32_1.1.0.202410251130/tools/bin/../lib/gcc/arm-none-eabi/12.3.1/../../../../arm-none-eabi/lib/thumb/v7-m/nofp\libc_nano.a(libc_a-fwalk.o)
                              C:/ST/STM32CubeIDE_1.17.0/STM32CubeIDE/plugins/com.st.stm32cube.ide.mcu.externaltools.gnu-tools-for-stm32.12.3.rel1.win32_1.1.0.202410251130/tools/bin/../lib/gcc/arm-none-eabi/12.3.1/../../../../arm-none-eabi/lib/thumb/v7-m/nofp\libc_nano.a(libc_a-findfp.o) (_fwalk_sglue)
C:/ST/STM32CubeIDE_1.17.0/STM32CubeIDE/plugins/com.st.stm32cube.ide.mcu.externaltools.gnu-tools-for-stm32.12.3.rel1.win32_1.1.0.202410251130/tools/bin/../lib/gcc/arm-none-eabi/12.3.1/../../../../arm-none-eabi/lib/thumb/v7-m/nofp\libc_nano.a(libc_a-stdio.o)
                              C:/ST/STM32CubeIDE_1.17.0/STM32CubeIDE/plugins/com.st.stm32cube.ide.mcu.externaltools.gnu-tools-for-stm32.12.3.rel1.win32_1.1.0.202410251130/tools/bin/../lib/gcc/arm-none-eabi/12.3.1/../../../../arm-none-eabi/lib/thumb/v7-m/nofp\libc_nano.a(libc_a-findfp.o) (__sread)
C:/ST/STM32CubeIDE_1.17.0/STM32CubeIDE/plugins/com.st.stm32cube.ide.mcu.externaltools.gnu-tools-for-stm32.12.3.rel1.win32_1.1.0.202410251130/tools/bin/../lib/gcc/arm-none-eabi/12.3.1/../../../../arm-none-eabi/lib/thumb/v7-m/nofp\libc_nano.a(libc_a-memset.o)
                              C:/ST/STM32CubeIDE_1.17.0/STM32CubeIDE/plugins/com.st.stm32cube.ide.mcu.externaltools.gnu-tools-for-stm32.12.3.rel1.win32_1.1.0.202410251130/tools/bin/../lib/gcc/arm-none-eabi/12.3.1/../../../../arm-none-eabi/lib/thumb/v7-m/nofp/crt0.o (memset)
C:/ST/STM32CubeIDE_1.17.0/STM32CubeIDE/plugins/com.st.stm32cube.ide.mcu.externaltools.gnu-tools-for-stm32.12.3.rel1.win32_1.1.0.202410251130/tools/bin/../lib/gcc/arm-none-eabi/12.3.1/../../../../arm-none-eabi/lib/thumb/v7-m/nofp\libc_nano.a(libc_a-closer.o)
                              C:/ST/STM32CubeIDE_1.17.0/STM32CubeIDE/plugins/com.st.stm32cube.ide.mcu.externaltools.gnu-tools-for-stm32.12.3.rel1.win32_1.1.0.202410251130/tools/bin/../lib/gcc/arm-none-eabi/12.3.1/../../../../arm-none-eabi/lib/thumb/v7-m/nofp\libc_nano.a(libc_a-stdio.o) (_close_r)
C:/ST/STM32CubeIDE_1.17.0/STM32CubeIDE/plugins/com.st.stm32cube.ide.mcu.externaltools.gnu-tools-for-stm32.12.3.rel1.win32_1.1.0.202410251130/tools/bin/../lib/gcc/arm-none-eabi/12.3.1/../../../../arm-none-eabi/lib/thumb/v7-m/nofp\libc_nano.a(libc_a-reent.o)
                              C:/ST/STM32CubeIDE_1.17.0/STM32CubeIDE/plugins/com.st.stm32cube.ide.mcu.externaltools.gnu-tools-for-stm32.12.3.rel1.win32_1.1.0.202410251130/tools/bin/../lib/gcc/arm-none-eabi/12.3.1/../../../../arm-none-eabi/lib/thumb/v7-m/nofp\libc_nano.a(libc_a-closer.o) (errno)
C:/ST/STM32CubeIDE_1.17.0/STM32CubeIDE/plugins/com.st.stm32cube.ide.mcu.externaltools.gnu-tools-for-stm32.12.3.rel1.win32_1.1.0.202410251130/tools/bin/../lib/gcc/arm-none-eabi/12.3.1/../../../../arm-none-eabi/lib/thumb/v7-m/nofp\libc_nano.a(libc_a-impure.o)
                              C:/ST/STM32CubeIDE_1.17.0/STM32CubeIDE/plugins/com.st.stm32cube.ide.mcu.externaltools.gnu-tools-for-stm32.12.3.rel1.win32_1.1.0.202410251130/tools/bin/../lib/gcc/arm-none-eabi/12.3.1/../../../../arm-none-eabi/lib/thumb/v7-m/nofp\libc_nano.a(libc_a-reent.o) (_impure_ptr)
C:/ST/STM32CubeIDE_1.17.0/STM32CubeIDE/plugins/com.st.stm32cube.ide.mcu.externaltools.gnu-tools-for-stm32.12.3.rel1.win32_1.1.0.202410251130/tools/bin/../lib/gcc/arm-none-eabi/12.3.1/../../../../arm-none-eabi/lib/thumb/v7-m/nofp\libc_nano.a(libc_a-lseekr.o)
[...]
Memory Configuration

Name             Origin             Length             Attributes
FLASH            0x08000000         0x00100000         xr
RAM              0x20000000         0x00020000         xrw
*default*        0x00000000         0xffffffff

Linker script and memory map

LOAD C:/ST/STM32CubeIDE_1.17.0/STM32CubeIDE/plugins/com.st.stm32cube.ide.mcu.externaltools.gnu-tools-for-stm32.12.3.rel1.win32_1.1.0.202410251130/tools/bin/../lib/gcc/arm-none-eabi/12.3.1/thumb/v7-m/nofp/crti.o
LOAD C:/ST/STM32CubeIDE_1.17.0/STM32CubeIDE/plugins/com.st.stm32cube.ide.mcu.externaltools.gnu-tools-for-stm32.12.3.rel1.win32_1.1.0.202410251130/tools/bin/../lib/gcc/arm-none-eabi/12.3.1/thumb/v7-m/nofp/crtbegin.o
LOAD C:/ST/STM32CubeIDE_1.17.0/STM32CubeIDE/plugins/com.st.stm32cube.ide.mcu.externaltools.gnu-tools-for-stm32.12.3.rel1.win32_1.1.0.202410251130/tools/bin/../lib/gcc/arm-none-eabi/12.3.1/../../../../arm-none-eabi/lib/thumb/v7-m/nofp/crt0.o
LOAD ./Drivers/BSP/Components/stmpe811.o
LOAD ./Drivers/BSP/STM322xG_EVAL/stm322xg_eval.o
LOAD ./Drivers/BSP/STM322xG_EVAL/stm322xg_eval_io.o
LOAD ./Drivers/CMSIS/system_stm32f2xx.o
LOAD ./Drivers/STM32F2xx_HAL_Driver/stm32f2xx_hal.o
LOAD ./Drivers/STM32F2xx_HAL_Driver/stm32f2xx_hal_adc.o
LOAD ./Drivers/STM32F2xx_HAL_Driver/stm32f2xx_hal_adc_ex.o
LOAD ./Drivers/STM32F2xx_HAL_Driver/stm32f2xx_hal_can.o
LOAD ./Drivers/STM32F2xx_HAL_Driver/stm32f2xx_hal_cortex.o
LOAD ./Drivers/STM32F2xx_HAL_Driver/stm32f2xx_hal_dma.o
LOAD ./Drivers/STM32F2xx_HAL_Driver/stm32f2xx_hal_gpio.o
LOAD ./Drivers/STM32F2xx_HAL_Driver/stm32f2xx_hal_i2c.o
LOAD ./Drivers/STM32F2xx_HAL_Driver/stm32f2xx_hal_rcc.o
LOAD ./Drivers/STM32F2xx_HAL_Driver/stm32f2xx_hal_sram.o
LOAD ./Drivers/STM32F2xx_HAL_Driver/stm32f2xx_hal_uart.o
LOAD ./Drivers/STM32F2xx_HAL_Driver/stm32f2xx_ll_fsmc.o
LOAD ./Example/SW4STM32/startup_stm32f207xx.o
LOAD ./Example/User/main.o
LOAD ./Example/User/stm32f2xx_hal_msp.o
LOAD ./Example/User/stm32f2xx_it.o
START GROUP
LOAD C:/ST/STM32CubeIDE_1.17.0/STM32CubeIDE/plugins/com.st.stm32cube.ide.mcu.externaltools.gnu-tools-for-stm32.12.3.rel1.win32_1.1.0.202410251130/tools/bin/../lib/gcc/arm-none-eabi/12.3.1/../../../../arm-none-eabi/lib/thumb/v7-m/nofp\libc_nano.a
LOAD C:/ST/STM32CubeIDE_1.17.0/STM32CubeIDE/plugins/com.st.stm32cube.ide.mcu.externaltools.gnu-tools-for-stm32.12.3.rel1.win32_1.1.0.202410251130/tools/bin/../lib/gcc/arm-none-eabi/12.3.1/../../../../arm-none-eabi/lib/thumb/v7-m/nofp\libm.a
END GROUP
START GROUP
LOAD C:/ST/STM32CubeIDE_1.17.0/STM32CubeIDE/plugins/com.st.stm32cube.ide.mcu.externaltools.gnu-tools-for-stm32.12.3.rel1.win32_1.1.0.202410251130/tools/bin/../lib/gcc/arm-none-eabi/12.3.1/thumb/v7-m/nofp\libgcc.a
LOAD C:/ST/STM32CubeIDE_1.17.0/STM32CubeIDE/plugins/com.st.stm32cube.ide.mcu.externaltools.gnu-tools-for-stm32.12.3.rel1.win32_1.1.0.202410251130/tools/bin/../lib/gcc/arm-none-eabi/12.3.1/../../../../arm-none-eabi/lib/thumb/v7-m/nofp\libc_nano.a
END GROUP
START GROUP
LOAD C:/ST/STM32CubeIDE_1.17.0/STM32CubeIDE/plugins/com.st.stm32cube.ide.mcu.externaltools.gnu-tools-for-stm32.12.3.rel1.win32_1.1.0.202410251130/tools/bin/../lib/gcc/arm-none-eabi/12.3.1/thumb/v7-m/nofp\libgcc.a
LOAD C:/ST/STM32CubeIDE_1.17.0/STM32CubeIDE/plugins/com.st.stm32cube.ide.mcu.externaltools.gnu-tools-for-stm32.12.3.rel1.win32_1.1.0.202410251130/tools/bin/../lib/gcc/arm-none-eabi/12.3.1/../../../../arm-none-eabi/lib/thumb/v7-m/nofp\libc_nano.a
LOAD C:/ST/STM32CubeIDE_1.17.0/STM32CubeIDE/plugins/com.st.stm32cube.ide.mcu.externaltools.gnu-tools-for-stm32.12.3.rel1.win32_1.1.0.202410251130/tools/bin/../lib/gcc/arm-none-eabi/12.3.1/../../../../arm-none-eabi/lib/thumb/v7-m/nofp\libnosys.a
END GROUP
START GROUP
LOAD C:/ST/STM32CubeIDE_1.17.0/STM32CubeIDE/plugins/com.st.stm32cube.ide.mcu.externaltools.gnu-tools-for-stm32.12.3.rel1.win32_1.1.0.202410251130/tools/bin/../lib/gcc/arm-none-eabi/12.3.1/thumb/v7-m/nofp\libgcc.a
LOAD C:/ST/STM32CubeIDE_1.17.0/STM32CubeIDE/plugins/com.st.stm32cube.ide.mcu.externaltools.gnu-tools-for-stm32.12.3.rel1.win32_1.1.0.202410251130/tools/bin/../lib/gcc/arm-none-eabi/12.3.1/../../../../arm-none-eabi/lib/thumb/v7-m/nofp\libc_nano.a
LOAD C:/ST/STM32CubeIDE_1.17.0/STM32CubeIDE/plugins/com.st.stm32cube.ide.mcu.externaltools.gnu-tools-for-stm32.12.3.rel1.win32_1.1.0.202410251130/tools/bin/../lib/gcc/arm-none-eabi/12.3.1/../../../../arm-none-eabi/lib/thumb/v7-m/nofp\libnosys.a
END GROUP
LOAD C:/ST/STM32CubeIDE_1.17.0/STM32CubeIDE/plugins/com.st.stm32cube.ide.mcu.externaltools.gnu-tools-for-stm32.12.3.rel1.win32_1.1.0.202410251130/tools/bin/../lib/gcc/arm-none-eabi/12.3.1/thumb/v7-m/nofp/crtend.o
LOAD C:/ST/STM32CubeIDE_1.17.0/STM32CubeIDE/plugins/com.st.stm32cube.ide.mcu.externaltools.gnu-tools-for-stm32.12.3.rel1.win32_1.1.0.202410251130/tools/bin/../lib/gcc/arm-none-eabi/12.3.1/thumb/v7-m/nofp/crtn.o
                0x20020000                        _estack = 0x20020000
                0x00000200                        _Min_Heap_Size = 0x200
                0x00000400                        _Min_Stack_Size = 0x400

.isr_vector     0x08000000      0x184
                0x08000000                        . = ALIGN (0x4)
 *(.isr_vector)
 .isr_vector    0x08000000      0x184 ./Example/SW4STM32/startup_stm32f207xx.o
                0x08000000                g_pfnVectors
                0x08000184                        . = ALIGN (0x4)

.text           0x08000184     0x1500
                0x08000184                        . = ALIGN (0x4)
 *(.text)
 .text          0x08000184       0x40 C:/ST/STM32CubeIDE_1.17.0/STM32CubeIDE/plugins/com.st.stm32cube.ide.mcu.externaltools.gnu-tools-for-stm32.12.3.rel1.win32_1.1.0.202410251130/tools/bin/../lib/gcc/arm-none-eabi/12.3.1/thumb/v7-m/nofp/crtbegin.o
 .text          0x080001c4       0x30 C:/ST/STM32CubeIDE_1.17.0/STM32CubeIDE/plugins/com.st.stm32cube.ide.mcu.externaltools.gnu-tools-for-stm32.12.3.rel1.win32_1.1.0.202410251130/tools/bin/../lib/gcc/arm-none-eabi/12.3.1/thumb/v7-m/nofp\libgcc.a(_aeabi_uldivmod.o)
                0x080001c4                __aeabi_uldivmod
 .text          0x080001f4      0x2b8 C:/ST/STM32CubeIDE_1.17.0/STM32CubeIDE/plugins/com.st.stm32cube.ide.mcu.externaltools.gnu-tools-for-stm32.12.3.rel1.win32_1.1.0.202410251130/tools/bin/../lib/gcc/arm-none-eabi/12.3.1/thumb/v7-m/nofp\libgcc.a(_udivmoddi4.o)
                0x080001f4                __udivmoddi4
 .text          0x080004ac        0x4 C:/ST/STM32CubeIDE_1.17.0/STM32CubeIDE/plugins/com.st.stm32cube.ide.mcu.externaltools.gnu-tools-for-stm32.12.3.rel1.win32_1.1.0.202410251130/tools/bin/../lib/gcc/arm-none-eabi/12.3.1/thumb/v7-m/nofp\libgcc.a(_dvmd_tls.o)
                0x080004ac                __aeabi_idiv0
                0x080004ac                __aeabi_ldiv0
 *(.text*)
 .text.BSP_LED_Init
                0x080004b0       0xa8 ./Drivers/BSP/STM322xG_EVAL/stm322xg_eval.o
                0x080004b0                BSP_LED_Init
 .text.BSP_LED_On
                0x08000558       0x1c ./Drivers/BSP/STM322xG_EVAL/stm322xg_eval.o
                0x08000558                BSP_LED_On
 .text.SystemInit
                0x08000574       0x40 ./Drivers/CMSIS/system_stm32f2xx.o
                0x08000574                SystemInit
 .text.HAL_MspInit
                0x080005b4        0x2 ./Drivers/STM32F2xx_HAL_Driver/stm32f2xx_hal.o
                0x080005b4                HAL_MspInit
 *fill*         0x080005b6        0x2 
 .text.HAL_InitTick
                0x080005b8       0x44 ./Drivers/STM32F2xx_HAL_Driver/stm32f2xx_hal.o
                0x080005b8                HAL_InitTick
 .text.HAL_Init
                0x080005fc       0x34 ./Drivers/STM32F2xx_HAL_Driver/stm32f2xx_hal.o
                0x080005fc                HAL_Init
 .text.HAL_GetTick
                0x08000630        0xc ./Drivers/STM32F2xx_HAL_Driver/stm32f2xx_hal.o
                0x08000630                HAL_GetTick
 .text.HAL_CAN_Init
                0x0800063c       0xf6 ./Drivers/STM32F2xx_HAL_Driver/stm32f2xx_hal_can.o
                0x0800063c                HAL_CAN_Init
 *fill*         0x08000732        0x2 
 .text.HAL_CAN_ConfigFilter
                0x08000734      0x110 ./Drivers/STM32F2xx_HAL_Driver/stm32f2xx_hal_can.o
                0x08000734                HAL_CAN_ConfigFilter
 .text.HAL_CAN_Start
                0x08000844       0x56 ./Drivers/STM32F2xx_HAL_Driver/stm32f2xx_hal_can.o
                0x08000844                HAL_CAN_Start
 .text.HAL_CAN_AddTxMessage
                0x0800089a       0x92 ./Drivers/STM32F2xx_HAL_Driver/stm32f2xx_hal_can.o
                0x0800089a                HAL_CAN_AddTxMessage
 .text.HAL_CAN_GetTxMailboxesFreeLevel
                0x0800092c       0x28 ./Drivers/STM32F2xx_HAL_Driver/stm32f2xx_hal_can.o
                0x0800092c                HAL_CAN_GetTxMailboxesFreeLevel
 .text.HAL_CAN_GetRxMessage
                0x08000954       0xf8 ./Drivers/STM32F2xx_HAL_Driver/stm32f2xx_hal_can.o
                0x08000954                HAL_CAN_GetRxMessage
 .text.HAL_CAN_GetRxFifoFillLevel
                0x08000a4c       0x1e ./Drivers/STM32F2xx_HAL_Driver/stm32f2xx_hal_can.o
                0x08000a4c                HAL_CAN_GetRxFifoFillLevel
 .text.HAL_CAN_TxMailbox0CompleteCallback
                0x08000a6a        0x2 ./Drivers/STM32F2xx_HAL_Driver/stm32f2xx_hal_can.o
                0x08000a6a                HAL_CAN_TxMailbox0CompleteCallback
 .text.HAL_CAN_TxMailbox1CompleteCallback
                0x08000a6c        0x2 ./Drivers/STM32F2xx_HAL_Driver/stm32f2xx_hal_can.o
                0x08000a6c                HAL_CAN_TxMailbox1CompleteCallback
 .text.HAL_CAN_TxMailbox2CompleteCallback
                0x08000a6e        0x2 ./Drivers/STM32F2xx_HAL_Driver/stm32f2xx_hal_can.o
                0x08000a6e                HAL_CAN_TxMailbox2CompleteCallback
 .text.HAL_CAN_TxMailbox0AbortCallback
                0x08000a70        0x2 ./Drivers/STM32F2xx_HAL_Driver/stm32f2xx_hal_can.o
                0x08000a70                HAL_CAN_TxMailbox0AbortCallback
 .text.HAL_CAN_TxMailbox1AbortCallback
                0x08000a72        0x2 ./Drivers/STM32F2xx_HAL_Driver/stm32f2xx_hal_can.o
                0x08000a72                HAL_CAN_TxMailbox1AbortCallback
 .text.HAL_CAN_TxMailbox2AbortCallback
                0x08000a74        0x2 ./Drivers/STM32F2xx_HAL_Driver/stm32f2xx_hal_can.o
                0x08000a74                HAL_CAN_TxMailbox2AbortCallback
 .text.HAL_CAN_RxFifo0MsgPendingCallback
                0x08000a76        0x2 ./Drivers/STM32F2xx_HAL_Driver/stm32f2xx_hal_can.o
                0x08000a76                HAL_CAN_RxFifo0MsgPendingCallback
 .text.HAL_CAN_RxFifo0FullCallback
                0x08000a78        0x2 ./Drivers/STM32F2xx_HAL_Driver/stm32f2xx_hal_can.o
                0x08000a78                HAL_CAN_RxFifo0FullCallback
 .text.HAL_CAN_RxFifo1MsgPendingCallback
                0x08000a7a        0x2 ./Drivers/STM32F2xx_HAL_Driver/stm32f2xx_hal_can.o
                0x08000a7a                HAL_CAN_RxFifo1MsgPendingCallback
 .text.HAL_CAN_RxFifo1FullCallback
                0x08000a7c        0x2 ./Drivers/STM32F2xx_HAL_Driver/stm32f2xx_hal_can.o
                0x08000a7c                HAL_CAN_RxFifo1FullCallback
 .text.HAL_CAN_SleepCallback
                0x08000a7e        0x2 ./Drivers/STM32F2xx_HAL_Driver/stm32f2xx_hal_can.o
                0x08000a7e                HAL_CAN_SleepCallback
 .text.HAL_CAN_WakeUpFromRxMsgCallback
                0x08000a80        0x2 ./Drivers/STM32F2xx_HAL_Driver/stm32f2xx_hal_can.o
                0x08000a80                HAL_CAN_WakeUpFromRxMsgCallback
 .text.HAL_CAN_ErrorCallback
                0x08000a82        0x2 ./Drivers/STM32F2xx_HAL_Driver/stm32f2xx_hal_can.o
                0x08000a82                HAL_CAN_ErrorCallback
 .text.HAL_CAN_IRQHandler
                0x08000a84      0x20a ./Drivers/STM32F2xx_HAL_Driver/stm32f2xx_hal_can.o
                0x08000a84                HAL_CAN_IRQHandler
 *fill*         0x08000c8e        0x2 
 .text.HAL_NVIC_SetPriorityGrouping
                0x08000c90       0x24 ./Drivers/STM32F2xx_HAL_Driver/stm32f2xx_hal_cortex.o
                0x08000c90                HAL_NVIC_SetPriorityGrouping
 .text.HAL_NVIC_SetPriority
                0x08000cb4       0x60 ./Drivers/STM32F2xx_HAL_Driver/stm32f2xx_hal_cortex.o
                0x08000cb4                HAL_NVIC_SetPriority
 .text.HAL_SYSTICK_Config
                0x08000d14       0x28 ./Drivers/STM32F2xx_HAL_Driver/stm32f2xx_hal_cortex.o
                0x08000d14                HAL_SYSTICK_Config
 .text.HAL_GPIO_Init
                0x08000d3c      0x1c0 ./Drivers/STM32F2xx_HAL_Driver/stm32f2xx_hal_gpio.o
                0x08000d3c                HAL_GPIO_Init
 .text.HAL_GPIO_WritePin
                0x08000efc        0xa ./Drivers/STM32F2xx_HAL_Driver/stm32f2xx_hal_gpio.o
                0x08000efc                HAL_GPIO_WritePin
 *fill*         0x08000f06        0x2 
 .text.HAL_RCC_OscConfig
                0x08000f08      0x32c ./Drivers/STM32F2xx_HAL_Driver/stm32f2xx_hal_rcc.o
                0x08000f08                HAL_RCC_OscConfig
 .text.HAL_RCC_GetSysClockFreq
                0x08001234       0x5c ./Drivers/STM32F2xx_HAL_Driver/stm32f2xx_hal_rcc.o
                0x08001234                HAL_RCC_GetSysClockFreq
 .text.HAL_RCC_ClockConfig
                0x08001290      0x13c ./Drivers/STM32F2xx_HAL_Driver/stm32f2xx_hal_rcc.o
                0x08001290                HAL_RCC_ClockConfig
 .text.Reset_Handler
                0x080013cc       0x50 ./Example/SW4STM32/startup_stm32f207xx.o
                0x080013cc                Reset_Handler
 .text.Default_Handler
                0x0800141c        0x2 ./Example/SW4STM32/startup_stm32f207xx.o
                0x0800141c                RTC_Alarm_IRQHandler
                0x0800141c                HASH_RNG_IRQHandler
                0x0800141c                EXTI2_IRQHandler
                0x0800141c                TIM8_CC_IRQHandler
                0x0800141c                TIM1_CC_IRQHandler
                0x0800141c                DMA2_Stream5_IRQHandler
                0x0800141c                PVD_IRQHandler
                0x0800141c                SDIO_IRQHandler
                0x0800141c                TAMP_STAMP_IRQHandler
                0x0800141c                EXTI3_IRQHandler
                0x0800141c                TIM8_TRG_COM_TIM14_IRQHandler
                0x0800141c                TIM1_UP_TIM10_IRQHandler
                0x0800141c                TIM8_UP_TIM13_IRQHandler
                0x0800141c                I2C3_ER_IRQHandler
                0x0800141c                EXTI0_IRQHandler
                0x0800141c                I2C2_EV_IRQHandler
                0x0800141c                DMA1_Stream2_IRQHandler
                0x0800141c                OTG_HS_WKUP_IRQHandler
                0x0800141c                CAN2_SCE_IRQHandler
                0x0800141c                DMA2_Stream2_IRQHandler
                0x0800141c                SPI1_IRQHandler
                0x0800141c                TIM6_DAC_IRQHandler
                0x0800141c                TIM1_BRK_TIM9_IRQHandler
                0x0800141c                DCMI_IRQHandler
                0x0800141c                DMA2_Stream3_IRQHandler
                0x0800141c                USART6_IRQHandler
                0x0800141c                USART3_IRQHandler
                0x0800141c                UART5_IRQHandler
                0x0800141c                DMA2_Stream0_IRQHandler
                0x0800141c                TIM4_IRQHandler
                0x0800141c                I2C1_EV_IRQHandler
                0x0800141c                DMA1_Stream1_IRQHandler
                0x0800141c                UART4_IRQHandler
                0x0800141c                TIM3_IRQHandler
                0x0800141c                RCC_IRQHandler
                0x0800141c                TIM8_BRK_TIM12_IRQHandler
                0x0800141c                Default_Handler
                0x0800141c                EXTI15_10_IRQHandler
                0x0800141c                ADC_IRQHandler
                0x0800141c                DMA1_Stream7_IRQHandler
                0x0800141c                TIM7_IRQHandler
                0x0800141c                TIM5_IRQHandler
                0x0800141c                DMA2_Stream7_IRQHandler
                0x0800141c                I2C3_EV_IRQHandler
                0x0800141c                EXTI9_5_IRQHandler
                0x0800141c                RTC_WKUP_IRQHandler
                0x0800141c                ETH_WKUP_IRQHandler
                0x0800141c                SPI2_IRQHandler
                0x0800141c                OTG_HS_EP1_IN_IRQHandler
                0x0800141c                DMA1_Stream0_IRQHandler
                0x0800141c                EXTI4_IRQHandler
                0x0800141c                FSMC_IRQHandler
                0x0800141c                ETH_IRQHandler
                0x0800141c                OTG_HS_EP1_OUT_IRQHandler
                0x0800141c                WWDG_IRQHandler
                0x0800141c                TIM2_IRQHandler
                0x0800141c                OTG_FS_WKUP_IRQHandler
                0x0800141c                TIM1_TRG_COM_TIM11_IRQHandler
                0x0800141c                OTG_HS_IRQHandler
                0x0800141c                EXTI1_IRQHandler
                0x0800141c                USART2_IRQHandler
                0x0800141c                I2C2_ER_IRQHandler
                0x0800141c                DMA2_Stream1_IRQHandler
                0x0800141c                CAN1_SCE_IRQHandler
                0x0800141c                FLASH_IRQHandler
                0x0800141c                DMA2_Stream4_IRQHandler
                0x0800141c                USART1_IRQHandler
                0x0800141c                OTG_FS_IRQHandler
                0x0800141c                SPI3_IRQHandler
                0x0800141c                DMA1_Stream4_IRQHandler
                0x0800141c                I2C1_ER_IRQHandler
                0x0800141c                DMA2_Stream6_IRQHandler
                0x0800141c                DMA1_Stream3_IRQHandler
 .text.Error_Handler
                0x0800141e        0xa ./Example/User/main.o
 .text.startup.main
                0x08001428      0x154 ./Example/User/main.o
                0x08001428                main
 .text.HAL_CAN_MspInit
                0x0800157c       0x70 ./Example/User/stm32f2xx_hal_msp.o
                0x0800157c                HAL_CAN_MspInit
 .text.NMI_Handler
                0x080015ec        0x2 ./Example/User/stm32f2xx_it.o
                0x080015ec                NMI_Handler
 .text.HardFault_Handler
                0x080015ee        0x2 ./Example/User/stm32f2xx_it.o
                0x080015ee                HardFault_Handler
 .text.MemManage_Handler
                0x080015f0        0x2 ./Example/User/stm32f2xx_it.o
                0x080015f0                MemManage_Handler
 .text.BusFault_Handler
                0x080015f2        0x2 ./Example/User/stm32f2xx_it.o
                0x080015f2                BusFault_Handler
 .text.UsageFault_Handler
                0x080015f4        0x2 ./Example/User/stm32f2xx_it.o
                0x080015f4                UsageFault_Handler
 .text.SVC_Handler
                0x080015f6        0x2 ./Example/User/stm32f2xx_it.o
                0x080015f6                SVC_Handler
 .text.DebugMon_Handler
                0x080015f8        0x2 ./Example/User/stm32f2xx_it.o
                0x080015f8                DebugMon_Handler
 .text.PendSV_Handler
                0x080015fa        0x2 ./Example/User/stm32f2xx_it.o
                0x080015fa                PendSV_Handler
 .text.SysTick_Handler
                0x080015fc        0x2 ./Example/User/stm32f2xx_it.o
                0x080015fc                SysTick_Handler
 .text.DMA1_Stream5_IRQHandler
                0x080015fe        0x2 ./Example/User/stm32f2xx_it.o
                0x080015fe                DMA1_Stream5_IRQHandler
 .text.DMA1_Stream6_IRQHandler
                0x08001600        0x2 ./Example/User/stm32f2xx_it.o
                0x08001600                DMA1_Stream6_IRQHandler
 *fill*         0x08001602        0x2 
 .text.CAN1_RX0_IRQHandler
                0x08001604        0xc ./Example/User/stm32f2xx_it.o
                0x08001604                CAN1_RX0_IRQHandler
 .text.CAN2_RX0_IRQHandler
                0x08001610        0x4 ./Example/User/stm32f2xx_it.o
                0x08001610                CAN2_RX0_IRQHandler
 .text.CAN1_RX1_IRQHandler
                0x08001614        0x4 ./Example/User/stm32f2xx_it.o
                0x08001614                CAN1_RX1_IRQHandler
 .text.CAN2_RX1_IRQHandler
                0x08001618        0x4 ./Example/User/stm32f2xx_it.o
                0x08001618                CAN2_RX1_IRQHandler
 .text.CAN1_TX_IRQHandler
                0x0800161c        0x4 ./Example/User/stm32f2xx_it.o
                0x0800161c                CAN1_TX_IRQHandler
 .text.CAN2_TX_IRQHandler
                0x08001620        0x4 ./Example/User/stm32f2xx_it.o
                0x08001620                CAN2_TX_IRQHandler
 .text.__libc_init_array
                0x08001624       0x48 C:/ST/STM32CubeIDE_1.17.0/STM32CubeIDE/plugins/com.st.stm32cube.ide.mcu.externaltools.gnu-tools-for-stm32.12.3.rel1.win32_1.1.0.202410251130/tools/bin/../lib/gcc/arm-none-eabi/12.3.1/../../../../arm-none-eabi/lib/thumb/v7-m/nofp\libc_nano.a(libc_a-init.o)
                0x08001624                __libc_init_array
 *(.glue_7)
 .glue_7        0x0800166c        0x0 linker stubs
 *(.glue_7t)
 .glue_7t       0x0800166c        0x0 linker stubs
 *(.eh_frame)
 .eh_frame      0x0800166c        0x0 C:/ST/STM32CubeIDE_1.17.0/STM32CubeIDE/plugins/com.st.stm32cube.ide.mcu.externaltools.gnu-tools-for-stm32.12.3.rel1.win32_1.1.0.202410251130/tools/bin/../lib/gcc/arm-none-eabi/12.3.1/thumb/v7-m/nofp/crtbegin.o
 *(.init)
 .init          0x0800166c        0x4 C:/ST/STM32CubeIDE_1.17.0/STM32CubeIDE/plugins/com.st.stm32cube.ide.mcu.externaltools.gnu-tools-for-stm32.12.3.rel1.win32_1.1.0.202410251130/tools/bin/../lib/gcc/arm-none-eabi/12.3.1/thumb/v7-m/nofp/crti.o
                0x0800166c                _init
 .init          0x08001670        0x8 C:/ST/STM32CubeIDE_1.17.0/STM32CubeIDE/plugins/com.st.stm32cube.ide.mcu.externaltools.gnu-tools-for-stm32.12.3.rel1.win32_1.1.0.202410251130/tools/bin/../lib/gcc/arm-none-eabi/12.3.1/thumb/v7-m/nofp/crtn.o
 *(.fini)
 .fini          0x08001678        0x4 C:/ST/STM32CubeIDE_1.17.0/STM32CubeIDE/plugins/com.st.stm32cube.ide.mcu.externaltools.gnu-tools-for-stm32.12.3.rel1.win32_1.1.0.202410251130/tools/bin/../lib/gcc/arm-none-eabi/12.3.1/thumb/v7-m/nofp/crti.o
                0x08001678                _fini
 .fini          0x0800167c        0x8 C:/ST/STM32CubeIDE_1.17.0/STM32CubeIDE/plugins/com.st.stm32cube.ide.mcu.externaltools.gnu-tools-for-stm32.12.3.rel1.win32_1.1.0.202410251130/tools/bin/../lib/gcc/arm-none-eabi/12.3.1/thumb/v7-m/nofp/crtn.o
                0x08001684                        . = ALIGN (0x4)
                0x08001684                        _etext = .

.vfp11_veneer   0x08001684        0x0
 .vfp11_veneer  0x08001684        0x0 linker stubs

.v4_bx          0x08001684        0x0
 .v4_bx         0x08001684        0x0 linker stubs

.iplt           0x08001684        0x0
 .iplt          0x08001684        0x0 C:/ST/STM32CubeIDE_1.17.0/STM32CubeIDE/plugins/com.st.stm32cube.ide.mcu.externaltools.gnu-tools-for-stm32.12.3.rel1.win32_1.1.0.202410251130/tools/bin/../lib/gcc/arm-none-eabi/12.3.1/thumb/v7-m/nofp/crtbegin.o

.rodata         0x08001684       0x34
                0x08001684                        . = ALIGN (0x4)
 *(.rodata)
 .rodata        0x08001684       0x1c ./Drivers/BSP/STM322xG_EVAL/stm322xg_eval.o
                0x08001684                GPIO_PIN
                0x0800168c                BUTTON_PIN
                0x08001692                BUTTON_IRQn
                0x08001698                COM_RX_AF
                0x0800169a                COM_TX_AF
                0x0800169c                COM_RX_PIN
                0x0800169e                COM_TX_PIN
 .rodata        0x080016a0       0x18 ./Drivers/CMSIS/system_stm32f2xx.o
                0x080016a0                AHBPrescTable
                0x080016b0                APBPrescTable
 *(.rodata*)
                0x080016b8                        . = ALIGN (0x4)

.ARM.extab
 *(.ARM.extab* .gnu.linkonce.armextab.*)

.ARM            0x080016b8        0x8
                0x080016b8                        __exidx_start = .
 *(.ARM.exidx*)
 .ARM.exidx     0x080016b8        0x8 C:/ST/STM32CubeIDE_1.17.0/STM32CubeIDE/plugins/com.st.stm32cube.ide.mcu.externaltools.gnu-tools-for-stm32.12.3.rel1.win32_1.1.0.202410251130/tools/bin/../lib/gcc/arm-none-eabi/12.3.1/thumb/v7-m/nofp\libgcc.a(_udivmoddi4.o)
                0x080016c0                        __exidx_end = .

.rel.dyn        0x080016c0        0x0
 .rel.iplt      0x080016c0        0x0 C:/ST/STM32CubeIDE_1.17.0/STM32CubeIDE/plugins/com.st.stm32cube.ide.mcu.externaltools.gnu-tools-for-stm32.12.3.rel1.win32_1.1.0.202410251130/tools/bin/../lib/gcc/arm-none-eabi/12.3.1/thumb/v7-m/nofp/crtbegin.o

.preinit_array  0x080016c0        0x0
                0x080016c0                        PROVIDE (__preinit_array_start = .)
 *(.preinit_array*)
                0x080016c0                        PROVIDE (__preinit_array_end = .)

.init_array     0x080016c0        0x4
                0x080016c0                        PROVIDE (__init_array_start = .)
 *(SORT_BY_NAME(.init_array.*))
 *(.init_array*)
 .init_array    0x080016c0        0x4 C:/ST/STM32CubeIDE_1.17.0/STM32CubeIDE/plugins/com.st.stm32cube.ide.mcu.externaltools.gnu-tools-for-stm32.12.3.rel1.win32_1.1.0.202410251130/tools/bin/../lib/gcc/arm-none-eabi/12.3.1/thumb/v7-m/nofp/crtbegin.o
                0x080016c4                        PROVIDE (__init_array_end = .)

.fini_array     0x080016c4        0x4
                [!provide]                        PROVIDE (__fini_array_start = .)
 *(SORT_BY_NAME(.fini_array.*))
 *(.fini_array*)
 .fini_array    0x080016c4        0x4 C:/ST/STM32CubeIDE_1.17.0/STM32CubeIDE/plugins/com.st.stm32cube.ide.mcu.externaltools.gnu-tools-for-stm32.12.3.rel1.win32_1.1.0.202410251130/tools/bin/../lib/gcc/arm-none-eabi/12.3.1/thumb/v7-m/nofp/crtbegin.o
                [!provide]                        PROVIDE (__fini_array_end = .)
                0x080016c8                        _sidata = LOADADDR (.data)

.data           0x20000000       0x34 load address 0x080016c8
                0x20000000                        . = ALIGN (0x4)
                0x20000000                        _sdata = .
 *(.data)
 .data          0x20000000       0x28 ./Drivers/BSP/STM322xG_EVAL/stm322xg_eval.o
                0x20000000                GPIO_PORT
                0x20000010                BUTTON_PORT
                0x2000001c                COM_TX_PORT
                0x20000020                COM_RX_PORT
                0x20000024                COM_USART
 .data          0x20000028        0x4 ./Drivers/CMSIS/system_stm32f2xx.o
                0x20000028                SystemCoreClock
 .data          0x2000002c        0x8 ./Drivers/STM32F2xx_HAL_Driver/stm32f2xx_hal.o
                0x2000002c                uwTickFreq
                0x20000030                uwTickPrio
 *(.data*)
                0x20000034                        . = ALIGN (0x4)
                0x20000034                        _edata = .

.igot.plt       0x20000034        0x0 load address 0x080016fc
 .igot.plt      0x20000034        0x0 C:/ST/STM32CubeIDE_1.17.0/STM32CubeIDE/plugins/com.st.stm32cube.ide.mcu.externaltools.gnu-tools-for-stm32.12.3.rel1.win32_1.1.0.202410251130/tools/bin/../lib/gcc/arm-none-eabi/12.3.1/thumb/v7-m/nofp/crtbegin.o
                0x20000034                        . = ALIGN (0x4)

.bss            0x20000034       0x90 load address 0x080016fc
                0x20000034                        _sbss = .
                0x20000034                        __bss_start__ = _sbss
 *(.bss)
 .bss           0x20000034       0x1c C:/ST/STM32CubeIDE_1.17.0/STM32CubeIDE/plugins/com.st.stm32cube.ide.mcu.externaltools.gnu-tools-for-stm32.12.3.rel1.win32_1.1.0.202410251130/tools/bin/../lib/gcc/arm-none-eabi/12.3.1/thumb/v7-m/nofp/crtbegin.o
 .bss           0x20000050        0x4 ./Drivers/STM32F2xx_HAL_Driver/stm32f2xx_hal.o
                0x20000050                uwTick
 .bss           0x20000054       0x70 ./Example/User/main.o
                0x20000054                CanHandle
                0x2000007c                TxHeader
                0x20000094                TxData
                0x2000009c                TxMailbox
                0x200000a0                RxData
                0x200000a8                RxHeader
 *(.bss*)
 *(COMMON)
                0x200000c4                        . = ALIGN (0x4)
                0x200000c4                        _ebss = .
                0x200000c4                        __bss_end__ = _ebss

._user_heap_stack
                0x200000c4      0x604 load address 0x080016fc
                0x200000c8                        . = ALIGN (0x8)
 *fill*         0x200000c4        0x4 
                0x200000c8                        PROVIDE (end = .)
                [!provide]                        PROVIDE (_end = .)
                0x200002c8                        . = (. + _Min_Heap_Size)
 *fill*         0x200000c8      0x200 
                0x200006c8                        . = (. + _Min_Stack_Size)
 *fill*         0x200002c8      0x400 
                0x200006c8                        . = ALIGN (0x8)

/DISCARD/
 libc.a(*)
 libm.a(*)
 libgcc.a(*)

.ARM.attributes
                0x00000000       0x29
 *(.ARM.attributes)
 .ARM.attributes
                0x00000000       0x1d C:/ST/STM32CubeIDE_1.17.0/STM32CubeIDE/plugins/com.st.stm32cube.ide.mcu.externaltools.gnu-tools-for-stm32.12.3.rel1.win32_1.1.0.202410251130/tools/bin/../lib/gcc/arm-none-eabi/12.3.1/thumb/v7-m/nofp/crti.o
 .ARM.attributes
                0x0000001d       0x2d C:/ST/STM32CubeIDE_1.17.0/STM32CubeIDE/plugins/com.st.stm32cube.ide.mcu.externaltools.gnu-tools-for-stm32.12.3.rel1.win32_1.1.0.202410251130/tools/bin/../lib/gcc/arm-none-eabi/12.3.1/thumb/v7-m/nofp/crtbegin.o
 .ARM.attributes
                0x0000004a       0x2d ./Drivers/BSP/STM322xG_EVAL/stm322xg_eval.o
 .ARM.attributes
                0x00000077       0x2d ./Drivers/CMSIS/system_stm32f2xx.o
 .ARM.attributes
                0x000000a4       0x2d ./Drivers/STM32F2xx_HAL_Driver/stm32f2xx_hal.o
 .ARM.attributes
                0x000000d1       0x2d ./Drivers/STM32F2xx_HAL_Driver/stm32f2xx_hal_can.o
 .ARM.attributes
                0x000000fe       0x2d ./Drivers/STM32F2xx_HAL_Driver/stm32f2xx_hal_cortex.o
 .ARM.attributes
                0x0000012b       0x2d ./Drivers/STM32F2xx_HAL_Driver/stm32f2xx_hal_gpio.o
 .ARM.attributes
                0x00000158       0x2d ./Drivers/STM32F2xx_HAL_Driver/stm32f2xx_hal_rcc.o
 .ARM.attributes
                0x00000185       0x21 ./Example/SW4STM32/startup_stm32f207xx.o
 .ARM.attributes
                0x000001a6       0x2d ./Example/User/main.o
 .ARM.attributes
                0x000001d3       0x2d ./Example/User/stm32f2xx_hal_msp.o
 .ARM.attributes
                0x00000200       0x2d ./Example/User/stm32f2xx_it.o
 .ARM.attributes
                0x0000022d       0x2d C:/ST/STM32CubeIDE_1.17.0/STM32CubeIDE/plugins/com.st.stm32cube.ide.mcu.externaltools.gnu-tools-for-stm32.12.3.rel1.win32_1.1.0.202410251130/tools/bin/../lib/gcc/arm-none-eabi/12.3.1/../../../../arm-none-eabi/lib/thumb/v7-m/nofp\libc_nano.a(libc_a-init.o)
 .ARM.attributes
                0x0000025a       0x1d C:/ST/STM32CubeIDE_1.17.0/STM32CubeIDE/plugins/com.st.stm32cube.ide.mcu.externaltools.gnu-tools-for-stm32.12.3.rel1.win32_1.1.0.202410251130/tools/bin/../lib/gcc/arm-none-eabi/12.3.1/thumb/v7-m/nofp\libgcc.a(_aeabi_uldivmod.o)
 .ARM.attributes
                0x00000277       0x2d C:/ST/STM32CubeIDE_1.17.0/STM32CubeIDE/plugins/com.st.stm32cube.ide.mcu.externaltools.gnu-tools-for-stm32.12.3.rel1.win32_1.1.0.202410251130/tools/bin/../lib/gcc/arm-none-eabi/12.3.1/thumb/v7-m/nofp\libgcc.a(_udivmoddi4.o)
 .ARM.attributes
                0x000002a4       0x1d C:/ST/STM32CubeIDE_1.17.0/STM32CubeIDE/plugins/com.st.stm32cube.ide.mcu.externaltools.gnu-tools-for-stm32.12.3.rel1.win32_1.1.0.202410251130/tools/bin/../lib/gcc/arm-none-eabi/12.3.1/thumb/v7-m/nofp\libgcc.a(_dvmd_tls.o)
 .ARM.attributes
                0x000002c1       0x1d C:/ST/STM32CubeIDE_1.17.0/STM32CubeIDE/plugins/com.st.stm32cube.ide.mcu.externaltools.gnu-tools-for-stm32.12.3.rel1.win32_1.1.0.202410251130/tools/bin/../lib/gcc/arm-none-eabi/12.3.1/thumb/v7-m/nofp/crtn.o
OUTPUT(STM322xG_EVAL.elf elf32-littlearm)
LOAD linker stubs
LOAD C:/ST/STM32CubeIDE_1.17.0/STM32CubeIDE/plugins/com.st.stm32cube.ide.mcu.externaltools.gnu-tools-for-stm32.12.3.rel1.win32_1.1.0.202410251130/tools/bin/../lib/gcc/arm-none-eabi/12.3.1/../../../../arm-none-eabi/lib/thumb/v7-m/nofp\libc.a
LOAD C:/ST/STM32CubeIDE_1.17.0/STM32CubeIDE/plugins/com.st.stm32cube.ide.mcu.externaltools.gnu-tools-for-stm32.12.3.rel1.win32_1.1.0.202410251130/tools/bin/../lib/gcc/arm-none-eabi/12.3.1/../../../../arm-none-eabi/lib/thumb/v7-m/nofp\libm.a
LOAD C:/ST/STM32CubeIDE_1.17.0/STM32CubeIDE/plugins/com.st.stm32cube.ide.mcu.externaltools.gnu-tools-for-stm32.12.3.rel1.win32_1.1.0.202410251130/tools/bin/../lib/gcc/arm-none-eabi/12.3.1/thumb/v7-m/nofp\libgcc.a

.debug_info     0x00000000     0x8b6b
 .debug_info    0x00000000     0x2d57 ./Drivers/BSP/STM322xG_EVAL/stm322xg_eval.o
 .debug_info    0x00002d57      0x52b ./Drivers/CMSIS/system_stm32f2xx.o
 .debug_info    0x00003282      0xabe ./Drivers/STM32F2xx_HAL_Driver/stm32f2xx_hal.o
 .debug_info    0x00003d40     0x112b ./Drivers/STM32F2xx_HAL_Driver/stm32f2xx_hal_can.o
 .debug_info    0x00004e6b      0xfec ./Drivers/STM32F2xx_HAL_Driver/stm32f2xx_hal_cortex.o
 .debug_info    0x00005e57      0x6c6 ./Drivers/STM32F2xx_HAL_Driver/stm32f2xx_hal_gpio.o
 .debug_info    0x0000651d      0xd75 ./Drivers/STM32F2xx_HAL_Driver/stm32f2xx_hal_rcc.o
 .debug_info    0x00007292       0x30 ./Example/SW4STM32/startup_stm32f207xx.o
 .debug_info    0x000072c2      0xb59 ./Example/User/main.o
 .debug_info    0x00007e1b      0x836 ./Example/User/stm32f2xx_hal_msp.o
 .debug_info    0x00008651      0x51a ./Example/User/stm32f2xx_it.o

.debug_abbrev   0x00000000     0x1acf
 .debug_abbrev  0x00000000      0x55c ./Drivers/BSP/STM322xG_EVAL/stm322xg_eval.o
 .debug_abbrev  0x0000055c      0x120 ./Drivers/CMSIS/system_stm32f2xx.o
 .debug_abbrev  0x0000067c      0x2dc ./Drivers/STM32F2xx_HAL_Driver/stm32f2xx_hal.o
 .debug_abbrev  0x00000958      0x295 ./Drivers/STM32F2xx_HAL_Driver/stm32f2xx_hal_can.o
 .debug_abbrev  0x00000bed      0x38e ./Drivers/STM32F2xx_HAL_Driver/stm32f2xx_hal_cortex.o
 .debug_abbrev  0x00000f7b      0x1f9 ./Drivers/STM32F2xx_HAL_Driver/stm32f2xx_hal_gpio.o
 .debug_abbrev  0x00001174      0x381 ./Drivers/STM32F2xx_HAL_Driver/stm32f2xx_hal_rcc.o
 .debug_abbrev  0x000014f5       0x24 ./Example/SW4STM32/startup_stm32f207xx.o
 .debug_abbrev  0x00001519      0x239 ./Example/User/main.o
 .debug_abbrev  0x00001752      0x1d4 ./Example/User/stm32f2xx_hal_msp.o
 .debug_abbrev  0x00001926      0x1a9 ./Example/User/stm32f2xx_it.o

.debug_loclists
                0x00000000     0x192e
 .debug_loclists
                0x00000000      0x687 ./Drivers/BSP/STM322xG_EVAL/stm322xg_eval.o
 .debug_loclists
                0x00000687       0xc4 ./Drivers/CMSIS/system_stm32f2xx.o
 .debug_loclists
                0x0000074b       0xe8 ./Drivers/STM32F2xx_HAL_Driver/stm32f2xx_hal.o
 .debug_loclists
                0x00000833      0x711 ./Drivers/STM32F2xx_HAL_Driver/stm32f2xx_hal_can.o
 .debug_loclists
                0x00000f44      0x35e ./Drivers/STM32F2xx_HAL_Driver/stm32f2xx_hal_cortex.o
 .debug_loclists
                0x000012a2      0x243 ./Drivers/STM32F2xx_HAL_Driver/stm32f2xx_hal_gpio.o
 .debug_loclists
                0x000014e5      0x40f ./Drivers/STM32F2xx_HAL_Driver/stm32f2xx_hal_rcc.o
 .debug_loclists
                0x000018f4       0x3a ./Example/User/stm32f2xx_hal_msp.o

.debug_aranges  0x00000000      0x648
 .debug_aranges
                0x00000000      0x148 ./Drivers/BSP/STM322xG_EVAL/stm322xg_eval.o
 .debug_aranges
                0x00000148       0x28 ./Drivers/CMSIS/system_stm32f2xx.o
 .debug_aranges
                0x00000170       0xf0 ./Drivers/STM32F2xx_HAL_Driver/stm32f2xx_hal.o
 .debug_aranges
                0x00000260      0x138 ./Drivers/STM32F2xx_HAL_Driver/stm32f2xx_hal_can.o
 .debug_aranges
                0x00000398       0xb8 ./Drivers/STM32F2xx_HAL_Driver/stm32f2xx_hal_cortex.o
 .debug_aranges
                0x00000450       0x58 ./Drivers/STM32F2xx_HAL_Driver/stm32f2xx_hal_gpio.o
 .debug_aranges
                0x000004a8       0x88 ./Drivers/STM32F2xx_HAL_Driver/stm32f2xx_hal_rcc.o
 .debug_aranges
                0x00000530       0x28 ./Example/SW4STM32/startup_stm32f207xx.o
 .debug_aranges
                0x00000558       0x28 ./Example/User/main.o
 .debug_aranges
                0x00000580       0x28 ./Example/User/stm32f2xx_hal_msp.o
 .debug_aranges
                0x000005a8       0xa0 ./Example/User/stm32f2xx_it.o

.debug_rnglists
                0x00000000      0x6b3
 .debug_rnglists
                0x00000000      0x1d7 ./Drivers/BSP/STM322xG_EVAL/stm322xg_eval.o
 .debug_rnglists
                0x000001d7       0x19 ./Drivers/CMSIS/system_stm32f2xx.o
 .debug_rnglists
                0x000001f0       0xaf ./Drivers/STM32F2xx_HAL_Driver/stm32f2xx_hal.o
 .debug_rnglists
                0x0000029f       0xea ./Drivers/STM32F2xx_HAL_Driver/stm32f2xx_hal_can.o
 .debug_rnglists
                0x00000389       0xf1 ./Drivers/STM32F2xx_HAL_Driver/stm32f2xx_hal_cortex.o
 .debug_rnglists
                0x0000047a       0x57 ./Drivers/STM32F2xx_HAL_Driver/stm32f2xx_hal_gpio.o
 .debug_rnglists
                0x000004d1       0xf0 ./Drivers/STM32F2xx_HAL_Driver/stm32f2xx_hal_rcc.o
 .debug_rnglists
                0x000005c1       0x19 ./Example/SW4STM32/startup_stm32f207xx.o
 .debug_rnglists
                0x000005da       0x29 ./Example/User/main.o
 .debug_rnglists
                0x00000603       0x3d ./Example/User/stm32f2xx_hal_msp.o
 .debug_rnglists
                0x00000640       0x73 ./Example/User/stm32f2xx_it.o

.debug_macro    0x00000000    0x2344f
 .debug_macro   0x00000000      0x395 ./Drivers/BSP/STM322xG_EVAL/stm322xg_eval.o
 .debug_macro   0x00000395      0x305 ./Drivers/BSP/STM322xG_EVAL/stm322xg_eval.o
 .debug_macro   0x0000069a       0x2e ./Drivers/BSP/STM322xG_EVAL/stm322xg_eval.o
 .debug_macro   0x000006c8       0x22 ./Drivers/BSP/STM322xG_EVAL/stm322xg_eval.o
 .debug_macro   0x000006ea       0x1c ./Drivers/BSP/STM322xG_EVAL/stm322xg_eval.o
 .debug_macro   0x00000706       0x22 ./Drivers/BSP/STM322xG_EVAL/stm322xg_eval.o
 .debug_macro   0x00000728       0xbd ./Drivers/BSP/STM322xG_EVAL/stm322xg_eval.o
 .debug_macro   0x000007e5      0xe49 ./Drivers/BSP/STM322xG_EVAL/stm322xg_eval.o
 .debug_macro   0x0000162e      0x11f ./Drivers/BSP/STM322xG_EVAL/stm322xg_eval.o
 .debug_macro   0x0000174d    0x14fe1 ./Drivers/BSP/STM322xG_EVAL/stm322xg_eval.o
 .debug_macro   0x0001672e       0x6d ./Drivers/BSP/STM322xG_EVAL/stm322xg_eval.o
 .debug_macro   0x0001679b     0x35b3 ./Drivers/BSP/STM322xG_EVAL/stm322xg_eval.o
 .debug_macro   0x00019d4e      0x189 ./Drivers/BSP/STM322xG_EVAL/stm322xg_eval.o
 .debug_macro   0x00019ed7       0x55 ./Drivers/BSP/STM322xG_EVAL/stm322xg_eval.o
 .debug_macro   0x00019f2c     0x1056 ./Drivers/BSP/STM322xG_EVAL/stm322xg_eval.o
 .debug_macro   0x0001af82      0x153 ./Drivers/BSP/STM322xG_EVAL/stm322xg_eval.o
 .debug_macro   0x0001b0d5      0x170 ./Drivers/BSP/STM322xG_EVAL/stm322xg_eval.o
 .debug_macro   0x0001b245      0x115 ./Drivers/BSP/STM322xG_EVAL/stm322xg_eval.o
 .debug_macro   0x0001b35a      0x108 ./Drivers/BSP/STM322xG_EVAL/stm322xg_eval.o
 .debug_macro   0x0001b462       0xa5 ./Drivers/BSP/STM322xG_EVAL/stm322xg_eval.o
 .debug_macro   0x0001b507      0x16a ./Drivers/BSP/STM322xG_EVAL/stm322xg_eval.o
 .debug_macro   0x0001b671      0x287 ./Drivers/BSP/STM322xG_EVAL/stm322xg_eval.o
 .debug_macro   0x0001b8f8       0x5f ./Drivers/BSP/STM322xG_EVAL/stm322xg_eval.o
 .debug_macro   0x0001b957      0x236 ./Drivers/BSP/STM322xG_EVAL/stm322xg_eval.o
 .debug_macro   0x0001bb8d      0x37c ./Drivers/BSP/STM322xG_EVAL/stm322xg_eval.o
 .debug_macro   0x0001bf09      0x16f ./Drivers/BSP/STM322xG_EVAL/stm322xg_eval.o
 .debug_macro   0x0001c078       0xf9 ./Drivers/BSP/STM322xG_EVAL/stm322xg_eval.o
 .debug_macro   0x0001c171      0x40f ./Drivers/BSP/STM322xG_EVAL/stm322xg_eval.o
 .debug_macro   0x0001c580       0x22 ./Drivers/BSP/STM322xG_EVAL/stm322xg_eval.o
 .debug_macro   0x0001c5a2      0x122 ./Drivers/BSP/STM322xG_EVAL/stm322xg_eval.o
 .debug_macro   0x0001c6c4       0xa6 ./Drivers/BSP/STM322xG_EVAL/stm322xg_eval.o
 .debug_macro   0x0001c76a      0x1ca ./Drivers/BSP/STM322xG_EVAL/stm322xg_eval.o
 .debug_macro   0x0001c934      0xcce ./Drivers/BSP/STM322xG_EVAL/stm322xg_eval.o
 .debug_macro   0x0001d602      0x126 ./Drivers/BSP/STM322xG_EVAL/stm322xg_eval.o
 .debug_macro   0x0001d728      0x216 ./Drivers/BSP/STM322xG_EVAL/stm322xg_eval.o
 .debug_macro   0x0001d93e       0x2e ./Drivers/BSP/STM322xG_EVAL/stm322xg_eval.o
 .debug_macro   0x0001d96c      0x329 ./Drivers/BSP/STM322xG_EVAL/stm322xg_eval.o
 .debug_macro   0x0001dc95       0x88 ./Drivers/BSP/STM322xG_EVAL/stm322xg_eval.o
 .debug_macro   0x0001dd1d       0xea ./Drivers/BSP/STM322xG_EVAL/stm322xg_eval.o
 .debug_macro   0x0001de07      0x183 ./Drivers/BSP/STM322xG_EVAL/stm322xg_eval.o
 .debug_macro   0x0001df8a      0x287 ./Drivers/BSP/STM322xG_EVAL/stm322xg_eval.o
 .debug_macro   0x0001e211      0x1d8 ./Drivers/BSP/STM322xG_EVAL/stm322xg_eval.o
 .debug_macro   0x0001e3e9       0x78 ./Drivers/BSP/STM322xG_EVAL/stm322xg_eval.o
 .debug_macro   0x0001e461      0x113 ./Drivers/BSP/STM322xG_EVAL/stm322xg_eval.o
 .debug_macro   0x0001e574       0x22 ./Drivers/BSP/STM322xG_EVAL/stm322xg_eval.o
 .debug_macro   0x0001e596       0x82 ./Drivers/BSP/STM322xG_EVAL/stm322xg_eval.o
 .debug_macro   0x0001e618       0xa4 ./Drivers/BSP/STM322xG_EVAL/stm322xg_eval.o
 .debug_macro   0x0001e6bc      0x287 ./Drivers/BSP/STM322xG_EVAL/stm322xg_eval.o
 .debug_macro   0x0001e943      0x2dc ./Drivers/BSP/STM322xG_EVAL/stm322xg_eval.o
 .debug_macro   0x0001ec1f       0xdd ./Drivers/BSP/STM322xG_EVAL/stm322xg_eval.o
 .debug_macro   0x0001ecfc      0x868 ./Drivers/BSP/STM322xG_EVAL/stm322xg_eval.o
 .debug_macro   0x0001f564      0x1d5 ./Drivers/BSP/STM322xG_EVAL/stm322xg_eval.o
 .debug_macro   0x0001f739      0x225 ./Drivers/BSP/STM322xG_EVAL/stm322xg_eval.o
 .debug_macro   0x0001f95e      0x8ed ./Drivers/BSP/STM322xG_EVAL/stm322xg_eval.o
 .debug_macro   0x0002024b       0x4c ./Drivers/BSP/STM322xG_EVAL/stm322xg_eval.o
 .debug_macro   0x00020297      0x2aa ./Drivers/BSP/STM322xG_EVAL/stm322xg_eval.o
 .debug_macro   0x00020541      0x217 ./Drivers/BSP/STM322xG_EVAL/stm322xg_eval.o
 .debug_macro   0x00020758      0x1b5 ./Drivers/BSP/STM322xG_EVAL/stm322xg_eval.o
 .debug_macro   0x0002090d      0x2db ./Drivers/BSP/STM322xG_EVAL/stm322xg_eval.o
 .debug_macro   0x00020be8       0x8d ./Drivers/BSP/STM322xG_EVAL/stm322xg_eval.o
 .debug_macro   0x00020c75      0x293 ./Drivers/BSP/STM322xG_EVAL/stm322xg_eval.o
 .debug_macro   0x00020f08       0xba ./Drivers/BSP/STM322xG_EVAL/stm322xg_eval.o
 .debug_macro   0x00020fc2       0x9e ./Drivers/BSP/STM322xG_EVAL/stm322xg_eval.o
 .debug_macro   0x00021060      0x12d ./Drivers/BSP/STM322xG_EVAL/stm322xg_eval.o
 .debug_macro   0x0002118d      0x289 ./Drivers/BSP/STM322xG_EVAL/stm322xg_eval.o
 .debug_macro   0x00021416       0x3a ./Drivers/BSP/STM322xG_EVAL/stm322xg_eval.o
 .debug_macro   0x00021450      0x32a ./Drivers/CMSIS/system_stm32f2xx.o
 .debug_macro   0x0002177a      0x372 ./Drivers/STM32F2xx_HAL_Driver/stm32f2xx_hal.o
 .debug_macro   0x00021aec      0x333 ./Drivers/STM32F2xx_HAL_Driver/stm32f2xx_hal_can.o
 .debug_macro   0x00021e1f      0x324 ./Drivers/STM32F2xx_HAL_Driver/stm32f2xx_hal_cortex.o
 .debug_macro   0x00022143      0x32b ./Drivers/STM32F2xx_HAL_Driver/stm32f2xx_hal_gpio.o
 .debug_macro   0x0002246e      0x34e ./Drivers/STM32F2xx_HAL_Driver/stm32f2xx_hal_rcc.o
 .debug_macro   0x000227bc      0x33c ./Example/User/main.o
 .debug_macro   0x00022af8      0x28f ./Example/User/main.o
 .debug_macro   0x00022d87       0x46 ./Example/User/main.o
 .debug_macro   0x00022dcd      0x33c ./Example/User/stm32f2xx_hal_msp.o
 .debug_macro   0x00023109      0x346 ./Example/User/stm32f2xx_it.o

.debug_line     0x00000000     0xa760
 .debug_line    0x00000000     0x17a2 ./Drivers/BSP/STM322xG_EVAL/stm322xg_eval.o
 .debug_line    0x000017a2      0xbae ./Drivers/CMSIS/system_stm32f2xx.o
 .debug_line    0x00002350      0xe7b ./Drivers/STM32F2xx_HAL_Driver/stm32f2xx_hal.o
 .debug_line    0x000031cb     0x18f9 ./Drivers/STM32F2xx_HAL_Driver/stm32f2xx_hal_can.o
 .debug_line    0x00004ac4     0x10ca ./Drivers/STM32F2xx_HAL_Driver/stm32f2xx_hal_cortex.o
 .debug_line    0x00005b8e     0x1020 ./Drivers/STM32F2xx_HAL_Driver/stm32f2xx_hal_gpio.o
 .debug_line    0x00006bae     0x15e5 ./Drivers/STM32F2xx_HAL_Driver/stm32f2xx_hal_rcc.o
 .debug_line    0x00008193       0x77 ./Example/SW4STM32/startup_stm32f207xx.o
 .debug_line    0x0000820a      0xce5 ./Example/User/main.o
 .debug_line    0x00008eef      0xbda ./Example/User/stm32f2xx_hal_msp.o
 .debug_line    0x00009ac9      0xc97 ./Example/User/stm32f2xx_it.o

.debug_str      0x00000000    0xe8020
 .debug_str     0x00000000    0xe6332 ./Drivers/BSP/STM322xG_EVAL/stm322xg_eval.o
                              0xe66ea (size before relaxing)
 .debug_str     0x000e6332      0x155 ./Drivers/CMSIS/system_stm32f2xx.o
                              0xe2f75 (size before relaxing)
 .debug_str     0x000e6487      0x5bd ./Drivers/STM32F2xx_HAL_Driver/stm32f2xx_hal.o
                              0xe3a2c (size before relaxing)
 .debug_str     0x000e6a44      0x7e8 ./Drivers/STM32F2xx_HAL_Driver/stm32f2xx_hal_can.o
                              0xe3628 (size before relaxing)
 .debug_str     0x000e722c      0x3a6 ./Drivers/STM32F2xx_HAL_Driver/stm32f2xx_hal_cortex.o
                              0xe3823 (size before relaxing)
 .debug_str     0x000e75d2      0x144 ./Drivers/STM32F2xx_HAL_Driver/stm32f2xx_hal_gpio.o
                              0xe309e (size before relaxing)
 .debug_str     0x000e7716      0x3d5 ./Drivers/STM32F2xx_HAL_Driver/stm32f2xx_hal_rcc.o
                              0xe33a3 (size before relaxing)
 .debug_str     0x000e7aeb       0xa8 ./Example/SW4STM32/startup_stm32f207xx.o
                                0x132 (size before relaxing)
 .debug_str     0x000e7b93      0x240 ./Example/User/main.o
                              0xe4742 (size before relaxing)
 .debug_str     0x000e7dd3       0x85 ./Example/User/stm32f2xx_hal_msp.o
                              0xe4516 (size before relaxing)
 .debug_str     0x000e7e58      0x1c8 ./Example/User/stm32f2xx_it.o
                              0xe44dc (size before relaxing)

.comment        0x00000000       0x43
 .comment       0x00000000       0x43 ./Drivers/BSP/STM322xG_EVAL/stm322xg_eval.o
                                 0x44 (size before relaxing)
 .comment       0x00000043       0x44 ./Drivers/CMSIS/system_stm32f2xx.o
 .comment       0x00000043       0x44 ./Drivers/STM32F2xx_HAL_Driver/stm32f2xx_hal.o
 .comment       0x00000043       0x44 ./Drivers/STM32F2xx_HAL_Driver/stm32f2xx_hal_can.o
 .comment       0x00000043       0x44 ./Drivers/STM32F2xx_HAL_Driver/stm32f2xx_hal_cortex.o
 .comment       0x00000043       0x44 ./Drivers/STM32F2xx_HAL_Driver/stm32f2xx_hal_gpio.o
 .comment       0x00000043       0x44 ./Drivers/STM32F2xx_HAL_Driver/stm32f2xx_hal_rcc.o
 .comment       0x00000043       0x44 ./Example/User/main.o
 .comment       0x00000043       0x44 ./Example/User/stm32f2xx_hal_msp.o
 .comment       0x00000043       0x44 ./Example/User/stm32f2xx_it.o

.debug_frame    0x00000000      0xe34
 .debug_frame   0x00000000      0x36c ./Drivers/BSP/STM322xG_EVAL/stm322xg_eval.o
 .debug_frame   0x0000036c       0x30 ./Drivers/CMSIS/system_stm32f2xx.o
 .debug_frame   0x0000039c      0x1f4 ./Drivers/STM32F2xx_HAL_Driver/stm32f2xx_hal.o
 .debug_frame   0x00000590      0x2d0 ./Drivers/STM32F2xx_HAL_Driver/stm32f2xx_hal_can.o
 .debug_frame   0x00000860      0x170 ./Drivers/STM32F2xx_HAL_Driver/stm32f2xx_hal_cortex.o
 .debug_frame   0x000009d0       0xd4 ./Drivers/STM32F2xx_HAL_Driver/stm32f2xx_hal_gpio.o
 .debug_frame   0x00000aa4      0x150 ./Drivers/STM32F2xx_HAL_Driver/stm32f2xx_hal_rcc.o
 .debug_frame   0x00000bf4       0x44 ./Example/User/main.o
 .debug_frame   0x00000c38       0x50 ./Example/User/stm32f2xx_hal_msp.o
 .debug_frame   0x00000c88      0x120 ./Example/User/stm32f2xx_it.o
 .debug_frame   0x00000da8       0x2c C:/ST/STM32CubeIDE_1.17.0/STM32CubeIDE/plugins/com.st.stm32cube.ide.mcu.externaltools.gnu-tools-for-stm32.12.3.rel1.win32_1.1.0.202410251130/tools/bin/../lib/gcc/arm-none-eabi/12.3.1/../../../../arm-none-eabi/lib/thumb/v7-m/nofp\libc_nano.a(libc_a-init.o)
 .debug_frame   0x00000dd4       0x2c C:/ST/STM32CubeIDE_1.17.0/STM32CubeIDE/plugins/com.st.stm32cube.ide.mcu.externaltools.gnu-tools-for-stm32.12.3.rel1.win32_1.1.0.202410251130/tools/bin/../lib/gcc/arm-none-eabi/12.3.1/thumb/v7-m/nofp\libgcc.a(_aeabi_uldivmod.o)
 .debug_frame   0x00000e00       0x34 C:/ST/STM32CubeIDE_1.17.0/STM32CubeIDE/plugins/com.st.stm32cube.ide.mcu.externaltools.gnu-tools-for-stm32.12.3.rel1.win32_1.1.0.202410251130/tools/bin/../lib/gcc/arm-none-eabi/12.3.1/thumb/v7-m/nofp\libgcc.a(_udivmoddi4.o)

.debug_line_str
                0x00000000      0x116
 .debug_line_str
                0x00000000      0x116 ./Example/SW4STM32/startup_stm32f207xx.o
