C:/Users/Sasha/STM32Cube/Repository/STM32Cube_FW_F2_V1.9.5/Drivers/STM32F2xx_HAL_Driver/Src/stm32f2xx_hal_rcc_ex.c:85:19:HAL_RCCEx_PeriphCLKConfig	32	static,ignoring_inline_asm
C:/Users/Sasha/STM32Cube/Repository/STM32Cube_FW_F2_V1.9.5/Drivers/STM32F2xx_HAL_Driver/Src/stm32f2xx_hal_rcc_ex.c:199:6:HAL_RCCEx_GetPeriphCLKConfig	8	static,ignoring_inline_asm
C:/Users/Sasha/STM32Cube/Repository/STM32Cube_FW_F2_V1.9.5/Drivers/STM32F2xx_HAL_Driver/Src/stm32f2xx_hal_rcc_ex.c:239:19:HAL_RCCEx_EnablePLLI2S	16	static,ignoring_inline_asm
C:/Users/Sasha/STM32Cube/Repository/STM32Cube_FW_F2_V1.9.5/Drivers/STM32F2xx_HAL_Driver/Src/stm32f2xx_hal_rcc_ex.c:287:19:HAL_RCCEx_DisablePLLI2S	16	static
