C:/Users/Sasha/STM32Cube/Repository/STM32Cube_FW_F2_V1.9.5/Drivers/STM32F2xx_HAL_Driver/Src/stm32f2xx_hal_spi.c:3828:13:SPI_AbortRx_ISR	8	static
C:/Users/Sasha/STM32Cube/Repository/STM32Cube_FW_F2_V1.9.5/Drivers/STM32F2xx_HAL_Driver/Src/stm32f2xx_hal_spi.c:3864:13:SPI_AbortTx_ISR	0	static
C:/Users/Sasha/STM32Cube/Repository/STM32Cube_FW_F2_V1.9.5/Drivers/STM32F2xx_HAL_Driver/Src/stm32f2xx_hal_spi.c:3493:26:SPI_WaitFlagStateUntilTimeout	40	static
C:/Users/Sasha/STM32Cube/Repository/STM32Cube_FW_F2_V1.9.5/Drivers/STM32F2xx_HAL_Driver/Src/stm32f2xx_hal_spi.c:3585:26:SPI_EndRxTxTransaction	24	static
C:/Users/Sasha/STM32Cube/Repository/STM32Cube_FW_F2_V1.9.5/Drivers/STM32F2xx_HAL_Driver/Src/stm32f2xx_hal_spi.c:3560:26:SPI_EndRxTransaction	16	static
C:/Users/Sasha/STM32Cube/Repository/STM32Cube_FW_F2_V1.9.5/Drivers/STM32F2xx_HAL_Driver/Src/stm32f2xx_hal_spi.c:482:13:HAL_SPI_MspInit	0	static
C:/Users/Sasha/STM32Cube/Repository/STM32Cube_FW_F2_V1.9.5/Drivers/STM32F2xx_HAL_Driver/Src/stm32f2xx_hal_spi.c:312:19:HAL_SPI_Init	16	static
C:/Users/Sasha/STM32Cube/Repository/STM32Cube_FW_F2_V1.9.5/Drivers/STM32F2xx_HAL_Driver/Src/stm32f2xx_hal_spi.c:498:13:HAL_SPI_MspDeInit	0	static
C:/Users/Sasha/STM32Cube/Repository/STM32Cube_FW_F2_V1.9.5/Drivers/STM32F2xx_HAL_Driver/Src/stm32f2xx_hal_spi.c:438:19:HAL_SPI_DeInit	8	static
C:/Users/Sasha/STM32Cube/Repository/STM32Cube_FW_F2_V1.9.5/Drivers/STM32F2xx_HAL_Driver/Src/stm32f2xx_hal_spi.c:770:19:HAL_SPI_Transmit	40	static
C:/Users/Sasha/STM32Cube/Repository/STM32Cube_FW_F2_V1.9.5/Drivers/STM32F2xx_HAL_Driver/Src/stm32f2xx_hal_spi.c:1136:19:HAL_SPI_TransmitReceive	48	static
C:/Users/Sasha/STM32Cube/Repository/STM32Cube_FW_F2_V1.9.5/Drivers/STM32F2xx_HAL_Driver/Src/stm32f2xx_hal_spi.c:936:19:HAL_SPI_Receive	48	static
C:/Users/Sasha/STM32Cube/Repository/STM32Cube_FW_F2_V1.9.5/Drivers/STM32F2xx_HAL_Driver/Src/stm32f2xx_hal_spi.c:1387:19:HAL_SPI_Transmit_IT	8	static
C:/Users/Sasha/STM32Cube/Repository/STM32Cube_FW_F2_V1.9.5/Drivers/STM32F2xx_HAL_Driver/Src/stm32f2xx_hal_spi.c:1560:19:HAL_SPI_TransmitReceive_IT	16	static
C:/Users/Sasha/STM32Cube/Repository/STM32Cube_FW_F2_V1.9.5/Drivers/STM32F2xx_HAL_Driver/Src/stm32f2xx_hal_spi.c:1469:19:HAL_SPI_Receive_IT	16	static
C:/Users/Sasha/STM32Cube/Repository/STM32Cube_FW_F2_V1.9.5/Drivers/STM32F2xx_HAL_Driver/Src/stm32f2xx_hal_spi.c:1647:19:HAL_SPI_Transmit_DMA	16	static
C:/Users/Sasha/STM32Cube/Repository/STM32Cube_FW_F2_V1.9.5/Drivers/STM32F2xx_HAL_Driver/Src/stm32f2xx_hal_spi.c:1861:19:HAL_SPI_TransmitReceive_DMA	16	static
C:/Users/Sasha/STM32Cube/Repository/STM32Cube_FW_F2_V1.9.5/Drivers/STM32F2xx_HAL_Driver/Src/stm32f2xx_hal_spi.c:1751:19:HAL_SPI_Receive_DMA	24	static
C:/Users/Sasha/STM32Cube/Repository/STM32Cube_FW_F2_V1.9.5/Drivers/STM32F2xx_HAL_Driver/Src/stm32f2xx_hal_spi.c:2004:19:HAL_SPI_Abort	24	static
C:/Users/Sasha/STM32Cube/Repository/STM32Cube_FW_F2_V1.9.5/Drivers/STM32F2xx_HAL_Driver/Src/stm32f2xx_hal_spi.c:2310:19:HAL_SPI_DMAPause	0	static
C:/Users/Sasha/STM32Cube/Repository/STM32Cube_FW_F2_V1.9.5/Drivers/STM32F2xx_HAL_Driver/Src/stm32f2xx_hal_spi.c:2330:19:HAL_SPI_DMAResume	0	static
C:/Users/Sasha/STM32Cube/Repository/STM32Cube_FW_F2_V1.9.5/Drivers/STM32F2xx_HAL_Driver/Src/stm32f2xx_hal_spi.c:2350:19:HAL_SPI_DMAStop	16	static
C:/Users/Sasha/STM32Cube/Repository/STM32Cube_FW_F2_V1.9.5/Drivers/STM32F2xx_HAL_Driver/Src/stm32f2xx_hal_spi.c:2499:13:HAL_SPI_TxCpltCallback	0	static
C:/Users/Sasha/STM32Cube/Repository/STM32Cube_FW_F2_V1.9.5/Drivers/STM32F2xx_HAL_Driver/Src/stm32f2xx_hal_spi.c:2515:13:HAL_SPI_RxCpltCallback	0	static
C:/Users/Sasha/STM32Cube/Repository/STM32Cube_FW_F2_V1.9.5/Drivers/STM32F2xx_HAL_Driver/Src/stm32f2xx_hal_spi.c:2531:13:HAL_SPI_TxRxCpltCallback	0	static
C:/Users/Sasha/STM32Cube/Repository/STM32Cube_FW_F2_V1.9.5/Drivers/STM32F2xx_HAL_Driver/Src/stm32f2xx_hal_spi.c:2547:13:HAL_SPI_TxHalfCpltCallback	0	static
C:/Users/Sasha/STM32Cube/Repository/STM32Cube_FW_F2_V1.9.5/Drivers/STM32F2xx_HAL_Driver/Src/stm32f2xx_hal_spi.c:2911:13:SPI_DMAHalfTransmitCplt	8	static
C:/Users/Sasha/STM32Cube/Repository/STM32Cube_FW_F2_V1.9.5/Drivers/STM32F2xx_HAL_Driver/Src/stm32f2xx_hal_spi.c:2563:13:HAL_SPI_RxHalfCpltCallback	0	static
C:/Users/Sasha/STM32Cube/Repository/STM32Cube_FW_F2_V1.9.5/Drivers/STM32F2xx_HAL_Driver/Src/stm32f2xx_hal_spi.c:2929:13:SPI_DMAHalfReceiveCplt	8	static
C:/Users/Sasha/STM32Cube/Repository/STM32Cube_FW_F2_V1.9.5/Drivers/STM32F2xx_HAL_Driver/Src/stm32f2xx_hal_spi.c:2579:13:HAL_SPI_TxRxHalfCpltCallback	0	static
C:/Users/Sasha/STM32Cube/Repository/STM32Cube_FW_F2_V1.9.5/Drivers/STM32F2xx_HAL_Driver/Src/stm32f2xx_hal_spi.c:2947:13:SPI_DMAHalfTransmitReceiveCplt	8	static
C:/Users/Sasha/STM32Cube/Repository/STM32Cube_FW_F2_V1.9.5/Drivers/STM32F2xx_HAL_Driver/Src/stm32f2xx_hal_spi.c:2595:13:HAL_SPI_ErrorCallback	0	static
C:/Users/Sasha/STM32Cube/Repository/STM32Cube_FW_F2_V1.9.5/Drivers/STM32F2xx_HAL_Driver/Src/stm32f2xx_hal_spi.c:3767:13:SPI_CloseTx_ISR	16	static
C:/Users/Sasha/STM32Cube/Repository/STM32Cube_FW_F2_V1.9.5/Drivers/STM32F2xx_HAL_Driver/Src/stm32f2xx_hal_spi.c:3438:13:SPI_TxISR_8BIT	0	static
C:/Users/Sasha/STM32Cube/Repository/STM32Cube_FW_F2_V1.9.5/Drivers/STM32F2xx_HAL_Driver/Src/stm32f2xx_hal_spi.c:3463:13:SPI_TxISR_16BIT	0	static
C:/Users/Sasha/STM32Cube/Repository/STM32Cube_FW_F2_V1.9.5/Drivers/STM32F2xx_HAL_Driver/Src/stm32f2xx_hal_spi.c:3704:13:SPI_CloseRx_ISR	16	static
C:/Users/Sasha/STM32Cube/Repository/STM32Cube_FW_F2_V1.9.5/Drivers/STM32F2xx_HAL_Driver/Src/stm32f2xx_hal_spi.c:3349:13:SPI_RxISR_8BIT	0	static
C:/Users/Sasha/STM32Cube/Repository/STM32Cube_FW_F2_V1.9.5/Drivers/STM32F2xx_HAL_Driver/Src/stm32f2xx_hal_spi.c:3327:13:SPI_RxISR_8BITCRC	8	static
C:/Users/Sasha/STM32Cube/Repository/STM32Cube_FW_F2_V1.9.5/Drivers/STM32F2xx_HAL_Driver/Src/stm32f2xx_hal_spi.c:3405:13:SPI_RxISR_16BIT	0	static
C:/Users/Sasha/STM32Cube/Repository/STM32Cube_FW_F2_V1.9.5/Drivers/STM32F2xx_HAL_Driver/Src/stm32f2xx_hal_spi.c:3383:13:SPI_RxISR_16BITCRC	8	static
C:/Users/Sasha/STM32Cube/Repository/STM32Cube_FW_F2_V1.9.5/Drivers/STM32F2xx_HAL_Driver/Src/stm32f2xx_hal_spi.c:3609:13:SPI_CloseRxTx_ISR	16	static
C:/Users/Sasha/STM32Cube/Repository/STM32Cube_FW_F2_V1.9.5/Drivers/STM32F2xx_HAL_Driver/Src/stm32f2xx_hal_spi.c:3197:13:SPI_2linesTxISR_8BIT	0	static
C:/Users/Sasha/STM32Cube/Repository/STM32Cube_FW_F2_V1.9.5/Drivers/STM32F2xx_HAL_Driver/Src/stm32f2xx_hal_spi.c:3134:13:SPI_2linesRxISR_8BIT	0	static
C:/Users/Sasha/STM32Cube/Repository/STM32Cube_FW_F2_V1.9.5/Drivers/STM32F2xx_HAL_Driver/Src/stm32f2xx_hal_spi.c:3169:13:SPI_2linesRxISR_8BITCRC	8	static
C:/Users/Sasha/STM32Cube/Repository/STM32Cube_FW_F2_V1.9.5/Drivers/STM32F2xx_HAL_Driver/Src/stm32f2xx_hal_spi.c:3289:13:SPI_2linesTxISR_16BIT	4	static
C:/Users/Sasha/STM32Cube/Repository/STM32Cube_FW_F2_V1.9.5/Drivers/STM32F2xx_HAL_Driver/Src/stm32f2xx_hal_spi.c:3233:13:SPI_2linesRxISR_16BIT	4	static
C:/Users/Sasha/STM32Cube/Repository/STM32Cube_FW_F2_V1.9.5/Drivers/STM32F2xx_HAL_Driver/Src/stm32f2xx_hal_spi.c:3267:13:SPI_2linesRxISR_16BITCRC	8	static
C:/Users/Sasha/STM32Cube/Repository/STM32Cube_FW_F2_V1.9.5/Drivers/STM32F2xx_HAL_Driver/Src/stm32f2xx_hal_spi.c:2965:13:SPI_DMAError	8	static
C:/Users/Sasha/STM32Cube/Repository/STM32Cube_FW_F2_V1.9.5/Drivers/STM32F2xx_HAL_Driver/Src/stm32f2xx_hal_spi.c:2685:13:SPI_DMATransmitCplt	24	static
C:/Users/Sasha/STM32Cube/Repository/STM32Cube_FW_F2_V1.9.5/Drivers/STM32F2xx_HAL_Driver/Src/stm32f2xx_hal_spi.c:2742:13:SPI_DMAReceiveCplt	32	static
C:/Users/Sasha/STM32Cube/Repository/STM32Cube_FW_F2_V1.9.5/Drivers/STM32F2xx_HAL_Driver/Src/stm32f2xx_hal_spi.c:2831:13:SPI_DMATransmitReceiveCplt	32	static
C:/Users/Sasha/STM32Cube/Repository/STM32Cube_FW_F2_V1.9.5/Drivers/STM32F2xx_HAL_Driver/Src/stm32f2xx_hal_spi.c:2392:6:HAL_SPI_IRQHandler	32	static
C:/Users/Sasha/STM32Cube/Repository/STM32Cube_FW_F2_V1.9.5/Drivers/STM32F2xx_HAL_Driver/Src/stm32f2xx_hal_spi.c:2988:13:SPI_DMAAbortOnError	8	static
C:/Users/Sasha/STM32Cube/Repository/STM32Cube_FW_F2_V1.9.5/Drivers/STM32F2xx_HAL_Driver/Src/stm32f2xx_hal_spi.c:2613:13:HAL_SPI_AbortCpltCallback	0	static
C:/Users/Sasha/STM32Cube/Repository/STM32Cube_FW_F2_V1.9.5/Drivers/STM32F2xx_HAL_Driver/Src/stm32f2xx_hal_spi.c:2149:19:HAL_SPI_Abort_IT	32	static
C:/Users/Sasha/STM32Cube/Repository/STM32Cube_FW_F2_V1.9.5/Drivers/STM32F2xx_HAL_Driver/Src/stm32f2xx_hal_spi.c:3075:13:SPI_DMARxAbortCallback	16	static
C:/Users/Sasha/STM32Cube/Repository/STM32Cube_FW_F2_V1.9.5/Drivers/STM32F2xx_HAL_Driver/Src/stm32f2xx_hal_spi.c:3010:13:SPI_DMATxAbortCallback	24	static
C:/Users/Sasha/STM32Cube/Repository/STM32Cube_FW_F2_V1.9.5/Drivers/STM32F2xx_HAL_Driver/Src/stm32f2xx_hal_spi.c:2648:22:HAL_SPI_GetState	0	static
C:/Users/Sasha/STM32Cube/Repository/STM32Cube_FW_F2_V1.9.5/Drivers/STM32F2xx_HAL_Driver/Src/stm32f2xx_hal_spi.c:2660:10:HAL_SPI_GetError	0	static
