C:/Users/Sasha/STM32Cube/Repository/STM32Cube_FW_F2_V1.9.5/Projects/NUCLEO-F207ZG/Applications/LwIP/LwIP_HTTP_Server_Netconn_RTOS/Src/ethernetif.c:220:14:low_level_output	48	static
C:/Users/Sasha/STM32Cube/Repository/STM32Cube_FW_F2_V1.9.5/Projects/NUCLEO-F207ZG/Applications/LwIP/LwIP_HTTP_Server_Netconn_RTOS/Src/ethernetif.c:394:6:ethernetif_input	48	static
C:/Users/Sasha/STM32Cube/Repository/STM32Cube_FW_F2_V1.9.5/Projects/NUCLEO-F207ZG/Applications/LwIP/LwIP_HTTP_Server_Netconn_RTOS/Src/ethernetif.c:76:6:HAL_ETH_MspInit	64	static
C:/Users/Sasha/STM32Cube/Repository/STM32Cube_FW_F2_V1.9.5/Projects/NUCLEO-F207ZG/Applications/LwIP/LwIP_HTTP_Server_Netconn_RTOS/Src/ethernetif.c:133:6:HAL_ETH_RxCpltCallback	0	static
C:/Users/Sasha/STM32Cube/Repository/STM32Cube_FW_F2_V1.9.5/Projects/NUCLEO-F207ZG/Applications/LwIP/LwIP_HTTP_Server_Netconn_RTOS/Src/ethernetif.c:430:7:ethernetif_init	56	static
C:/Users/Sasha/STM32Cube/Repository/STM32Cube_FW_F2_V1.9.5/Projects/NUCLEO-F207ZG/Applications/LwIP/LwIP_HTTP_Server_Netconn_RTOS/Src/ethernetif.c:451:7:sys_now	0	static
