C:/Users/Sasha/STM32Cube/Repository/STM32Cube_FW_F2_V1.9.5/Drivers/BSP/STM32F2xx_Nucleo_144/stm32f2xx_nucleo_144.c:360:13:SPIx_Init	56	static
C:/Users/Sasha/STM32Cube/Repository/STM32Cube_FW_F2_V1.9.5/Drivers/BSP/STM32F2xx_Nucleo_144/stm32f2xx_nucleo_144.c:415:13:SPIx_Write	32	static
C:/Users/Sasha/STM32Cube/Repository/STM32Cube_FW_F2_V1.9.5/Drivers/BSP/STM32F2xx_Nucleo_144/stm32f2xx_nucleo_144.c:397:13:SPIx_WriteReadData	16	static
C:/Users/Sasha/STM32Cube/Repository/STM32Cube_FW_F2_V1.9.5/Drivers/BSP/STM32F2xx_Nucleo_144/stm32f2xx_nucleo_144.c:160:10:BSP_GetVersion	0	static
C:/Users/Sasha/STM32Cube/Repository/STM32Cube_FW_F2_V1.9.5/Drivers/BSP/STM32F2xx_Nucleo_144/stm32f2xx_nucleo_144.c:173:6:BSP_LED_Init	48	static
C:/Users/Sasha/STM32Cube/Repository/STM32Cube_FW_F2_V1.9.5/Drivers/BSP/STM32F2xx_Nucleo_144/stm32f2xx_nucleo_144.c:199:6:BSP_LED_DeInit	16	static
C:/Users/Sasha/STM32Cube/Repository/STM32Cube_FW_F2_V1.9.5/Drivers/BSP/STM32F2xx_Nucleo_144/stm32f2xx_nucleo_144.c:216:6:BSP_LED_On	0	static
C:/Users/Sasha/STM32Cube/Repository/STM32Cube_FW_F2_V1.9.5/Drivers/BSP/STM32F2xx_Nucleo_144/stm32f2xx_nucleo_144.c:229:6:BSP_LED_Off	0	static
C:/Users/Sasha/STM32Cube/Repository/STM32Cube_FW_F2_V1.9.5/Drivers/BSP/STM32F2xx_Nucleo_144/stm32f2xx_nucleo_144.c:242:6:BSP_LED_Toggle	0	static
C:/Users/Sasha/STM32Cube/Repository/STM32Cube_FW_F2_V1.9.5/Drivers/BSP/STM32F2xx_Nucleo_144/stm32f2xx_nucleo_144.c:257:6:BSP_PB_Init	32	static
C:/Users/Sasha/STM32Cube/Repository/STM32Cube_FW_F2_V1.9.5/Drivers/BSP/STM32F2xx_Nucleo_144/stm32f2xx_nucleo_144.c:294:6:BSP_PB_DeInit	8	static
C:/Users/Sasha/STM32Cube/Repository/STM32Cube_FW_F2_V1.9.5/Drivers/BSP/STM32F2xx_Nucleo_144/stm32f2xx_nucleo_144.c:309:10:BSP_PB_GetState	8	static
C:/Users/Sasha/STM32Cube/Repository/STM32Cube_FW_F2_V1.9.5/Drivers/BSP/STM32F2xx_Nucleo_144/stm32f2xx_nucleo_144.c:497:6:SD_IO_CSState	0	static
C:/Users/Sasha/STM32Cube/Repository/STM32Cube_FW_F2_V1.9.5/Drivers/BSP/STM32F2xx_Nucleo_144/stm32f2xx_nucleo_144.c:515:6:SD_IO_WriteReadData	0	static
C:/Users/Sasha/STM32Cube/Repository/STM32Cube_FW_F2_V1.9.5/Drivers/BSP/STM32F2xx_Nucleo_144/stm32f2xx_nucleo_144.c:525:9:SD_IO_WriteByte	24	static
C:/Users/Sasha/STM32Cube/Repository/STM32Cube_FW_F2_V1.9.5/Drivers/BSP/STM32F2xx_Nucleo_144/stm32f2xx_nucleo_144.c:451:6:SD_IO_Init	56	static
C:/Users/Sasha/STM32Cube/Repository/STM32Cube_FW_F2_V1.9.5/Drivers/BSP/STM32F2xx_Nucleo_144/stm32f2xx_nucleo_144.c:537:6:LCD_IO_Init	48	static
C:/Users/Sasha/STM32Cube/Repository/STM32Cube_FW_F2_V1.9.5/Drivers/BSP/STM32F2xx_Nucleo_144/stm32f2xx_nucleo_144.c:567:6:LCD_IO_WriteReg	16	static
C:/Users/Sasha/STM32Cube/Repository/STM32Cube_FW_F2_V1.9.5/Drivers/BSP/STM32F2xx_Nucleo_144/stm32f2xx_nucleo_144.c:587:6:LCD_IO_WriteData	16	static
C:/Users/Sasha/STM32Cube/Repository/STM32Cube_FW_F2_V1.9.5/Drivers/BSP/STM32F2xx_Nucleo_144/stm32f2xx_nucleo_144.c:607:6:LCD_IO_WriteMultipleData	24	static
C:/Users/Sasha/STM32Cube/Repository/STM32Cube_FW_F2_V1.9.5/Drivers/BSP/STM32F2xx_Nucleo_144/stm32f2xx_nucleo_144.c:662:6:LCD_Delay	0	static
C:/Users/Sasha/STM32Cube/Repository/STM32Cube_FW_F2_V1.9.5/Drivers/BSP/STM32F2xx_Nucleo_144/stm32f2xx_nucleo_144.c:755:9:BSP_JOY_Init	48	static
C:/Users/Sasha/STM32Cube/Repository/STM32Cube_FW_F2_V1.9.5/Drivers/BSP/STM32F2xx_Nucleo_144/stm32f2xx_nucleo_144.c:775:6:BSP_JOY_DeInit	8	static
C:/Users/Sasha/STM32Cube/Repository/STM32Cube_FW_F2_V1.9.5/Drivers/BSP/STM32F2xx_Nucleo_144/stm32f2xx_nucleo_144.c:792:18:BSP_JOY_GetState	8	static
