C:/Users/123/STM32CubeIDE/Repository/STM32Cube_FW_F2_V1.9.5/Drivers/BSP/STM322xG_EVAL/stm322xg_eval.c:589:13:I2Cx_Init	64	static
C:/Users/123/STM32CubeIDE/Repository/STM32Cube_FW_F2_V1.9.5/Drivers/BSP/STM322xG_EVAL/stm322xg_eval.c:666:13:I2Cx_Write	32	static
C:/Users/123/STM32CubeIDE/Repository/STM32Cube_FW_F2_V1.9.5/Drivers/BSP/STM322xG_EVAL/stm322xg_eval.c:643:16:I2Cx_Read	32	static
C:/Users/123/STM32CubeIDE/Repository/STM32Cube_FW_F2_V1.9.5/Drivers/BSP/STM322xG_EVAL/stm322xg_eval.c:191:10:BSP_GetVersion	0	static
C:/Users/123/STM32CubeIDE/Repository/STM32Cube_FW_F2_V1.9.5/Drivers/BSP/STM322xG_EVAL/stm322xg_eval.c:206:6:BSP_LED_Init	48	static
C:/Users/123/STM32CubeIDE/Repository/STM32Cube_FW_F2_V1.9.5/Drivers/BSP/STM322xG_EVAL/stm322xg_eval.c:231:6:BSP_LED_On	0	static
C:/Users/123/STM32CubeIDE/Repository/STM32Cube_FW_F2_V1.9.5/Drivers/BSP/STM322xG_EVAL/stm322xg_eval.c:245:6:BSP_LED_Off	0	static
C:/Users/123/STM32CubeIDE/Repository/STM32Cube_FW_F2_V1.9.5/Drivers/BSP/STM322xG_EVAL/stm322xg_eval.c:259:6:BSP_LED_Toggle	0	static
C:/Users/123/STM32CubeIDE/Repository/STM32Cube_FW_F2_V1.9.5/Drivers/BSP/STM322xG_EVAL/stm322xg_eval.c:282:6:BSP_PB_Init	48	static
C:/Users/123/STM32CubeIDE/Repository/STM32Cube_FW_F2_V1.9.5/Drivers/BSP/STM322xG_EVAL/stm322xg_eval.c:338:10:BSP_PB_GetState	8	static
C:/Users/123/STM32CubeIDE/Repository/STM32Cube_FW_F2_V1.9.5/Drivers/BSP/STM322xG_EVAL/stm322xg_eval.c:352:6:BSP_COM_Init	56	static
C:/Users/123/STM32CubeIDE/Repository/STM32Cube_FW_F2_V1.9.5/Drivers/BSP/STM322xG_EVAL/stm322xg_eval.c:385:6:BSP_POTENTIOMETER_Init	72	static
C:/Users/123/STM32CubeIDE/Repository/STM32Cube_FW_F2_V1.9.5/Drivers/BSP/STM322xG_EVAL/stm322xg_eval.c:433:10:BSP_POTENTIOMETER_GetLevel	8	static
C:/Users/123/STM32CubeIDE/Repository/STM32Cube_FW_F2_V1.9.5/Drivers/BSP/STM322xG_EVAL/stm322xg_eval.c:460:9:BSP_JOY_Init	16	static
C:/Users/123/STM32CubeIDE/Repository/STM32Cube_FW_F2_V1.9.5/Drivers/BSP/STM322xG_EVAL/stm322xg_eval.c:488:18:BSP_JOY_GetState	8	static
C:/Users/123/STM32CubeIDE/Repository/STM32Cube_FW_F2_V1.9.5/Drivers/BSP/STM322xG_EVAL/stm322xg_eval.c:879:6:IOE_Init	0	static
C:/Users/123/STM32CubeIDE/Repository/STM32Cube_FW_F2_V1.9.5/Drivers/BSP/STM322xG_EVAL/stm322xg_eval.c:887:6:IOE_ITConfig	40	static
C:/Users/123/STM32CubeIDE/Repository/STM32Cube_FW_F2_V1.9.5/Drivers/BSP/STM322xG_EVAL/stm322xg_eval.c:898:6:IOE_Write	0	static
C:/Users/123/STM32CubeIDE/Repository/STM32Cube_FW_F2_V1.9.5/Drivers/BSP/STM322xG_EVAL/stm322xg_eval.c:909:9:IOE_Read	0	static
C:/Users/123/STM32CubeIDE/Repository/STM32Cube_FW_F2_V1.9.5/Drivers/BSP/STM322xG_EVAL/stm322xg_eval.c:922:10:IOE_ReadMultiple	24	static
C:/Users/123/STM32CubeIDE/Repository/STM32Cube_FW_F2_V1.9.5/Drivers/BSP/STM322xG_EVAL/stm322xg_eval.c:931:6:IOE_Delay	0	static
C:/Users/123/STM32CubeIDE/Repository/STM32Cube_FW_F2_V1.9.5/Drivers/BSP/STM322xG_EVAL/stm322xg_eval.c:941:6:LCD_IO_Init	144	static
C:/Users/123/STM32CubeIDE/Repository/STM32Cube_FW_F2_V1.9.5/Drivers/BSP/STM322xG_EVAL/stm322xg_eval.c:954:6:LCD_IO_WriteData	0	static
C:/Users/123/STM32CubeIDE/Repository/STM32Cube_FW_F2_V1.9.5/Drivers/BSP/STM322xG_EVAL/stm322xg_eval.c:965:6:LCD_IO_WriteMultipleData	8	static
C:/Users/123/STM32CubeIDE/Repository/STM32Cube_FW_F2_V1.9.5/Drivers/BSP/STM322xG_EVAL/stm322xg_eval.c:982:6:LCD_IO_WriteReg	0	static
C:/Users/123/STM32CubeIDE/Repository/STM32Cube_FW_F2_V1.9.5/Drivers/BSP/STM322xG_EVAL/stm322xg_eval.c:993:10:LCD_IO_ReadData	0	static
C:/Users/123/STM32CubeIDE/Repository/STM32Cube_FW_F2_V1.9.5/Drivers/BSP/STM322xG_EVAL/stm322xg_eval.c:1005:6:AUDIO_IO_Init	0	static
C:/Users/123/STM32CubeIDE/Repository/STM32Cube_FW_F2_V1.9.5/Drivers/BSP/STM322xG_EVAL/stm322xg_eval.c:1014:6:AUDIO_IO_DeInit	0	static
C:/Users/123/STM32CubeIDE/Repository/STM32Cube_FW_F2_V1.9.5/Drivers/BSP/STM322xG_EVAL/stm322xg_eval.c:1025:6:AUDIO_IO_Write	0	static
C:/Users/123/STM32CubeIDE/Repository/STM32Cube_FW_F2_V1.9.5/Drivers/BSP/STM322xG_EVAL/stm322xg_eval.c:1036:9:AUDIO_IO_Read	0	static
C:/Users/123/STM32CubeIDE/Repository/STM32Cube_FW_F2_V1.9.5/Drivers/BSP/STM322xG_EVAL/stm322xg_eval.c:1046:6:CAMERA_IO_Init	0	static
C:/Users/123/STM32CubeIDE/Repository/STM32Cube_FW_F2_V1.9.5/Drivers/BSP/STM322xG_EVAL/stm322xg_eval.c:1057:6:CAMERA_IO_Write	0	static
C:/Users/123/STM32CubeIDE/Repository/STM32Cube_FW_F2_V1.9.5/Drivers/BSP/STM322xG_EVAL/stm322xg_eval.c:1068:9:CAMERA_IO_Read	0	static
C:/Users/123/STM32CubeIDE/Repository/STM32Cube_FW_F2_V1.9.5/Drivers/BSP/STM322xG_EVAL/stm322xg_eval.c:1077:6:CAMERA_Delay	0	static
C:/Users/123/STM32CubeIDE/Repository/STM32Cube_FW_F2_V1.9.5/Drivers/BSP/STM322xG_EVAL/stm322xg_eval.c:1087:6:EEPROM_IO_Init	0	static
C:/Users/123/STM32CubeIDE/Repository/STM32Cube_FW_F2_V1.9.5/Drivers/BSP/STM322xG_EVAL/stm322xg_eval.c:1100:19:EEPROM_IO_WriteData	24	static
C:/Users/123/STM32CubeIDE/Repository/STM32Cube_FW_F2_V1.9.5/Drivers/BSP/STM322xG_EVAL/stm322xg_eval.c:1113:19:EEPROM_IO_ReadData	24	static
C:/Users/123/STM32CubeIDE/Repository/STM32Cube_FW_F2_V1.9.5/Drivers/BSP/STM322xG_EVAL/stm322xg_eval.c:1125:19:EEPROM_IO_IsDeviceReady	0	static
