C:/Users/Sasha/STM32Cube/Repository/STM32Cube_FW_F2_V1.9.5/Middlewares/Third_Party/LwIP/src/core/ipv4/ip4_addr.c:58:1:ip4_addr_isbroadcast_u32	0	static
C:/Users/Sasha/STM32Cube/Repository/STM32Cube_FW_F2_V1.9.5/Middlewares/Third_Party/LwIP/src/core/ipv4/ip4_addr.c:93:1:ip4_addr_netmask_valid	8	static
C:/Users/Sasha/STM32Cube/Repository/STM32Cube_FW_F2_V1.9.5/Middlewares/Third_Party/LwIP/src/core/ipv4/ip4_addr.c:155:1:ip4addr_aton	40	static
C:/Users/Sasha/STM32Cube/Repository/STM32Cube_FW_F2_V1.9.5/Middlewares/Third_Party/LwIP/src/core/ipv4/ip4_addr.c:133:1:ipaddr_addr	16	static
C:/Users/Sasha/STM32Cube/Repository/STM32Cube_FW_F2_V1.9.5/Middlewares/Third_Party/LwIP/src/core/ipv4/ip4_addr.c:293:1:ip4addr_ntoa_r	48	static
C:/Users/Sasha/STM32Cube/Repository/STM32Cube_FW_F2_V1.9.5/Middlewares/Third_Party/LwIP/src/core/ipv4/ip4_addr.c:277:1:ip4addr_ntoa	0	static
