C:/Users/Sasha/STM32Cube/Repository/STM32Cube_FW_F2_V1.9.5/Middlewares/Third_Party/LwIP/src/apps/httpd/httpd.c:467:1:http_state_eof	8	static
C:/Users/Sasha/STM32Cube/Repository/STM32Cube_FW_F2_V1.9.5/Middlewares/Third_Party/LwIP/src/apps/httpd/httpd.c:1632:1:http_get_404_file	16	static
C:/Users/Sasha/STM32Cube/Repository/STM32Cube_FW_F2_V1.9.5/Middlewares/Third_Party/LwIP/src/apps/httpd/httpd.c:2521:1:http_accept	16	static
C:/Users/Sasha/STM32Cube/Repository/STM32Cube_FW_F2_V1.9.5/Middlewares/Third_Party/LwIP/src/apps/httpd/httpd.c:2344:1:http_err	8	static
C:/Users/Sasha/STM32Cube/Repository/STM32Cube_FW_F2_V1.9.5/Middlewares/Third_Party/LwIP/src/apps/httpd/httpd.c:637:1:http_close_conn.isra	16	static
C:/Users/Sasha/STM32Cube/Repository/STM32Cube_FW_F2_V1.9.5/Middlewares/Third_Party/LwIP/src/apps/httpd/httpd.c:1517:1:http_send	24	static
C:/Users/Sasha/STM32Cube/Repository/STM32Cube_FW_F2_V1.9.5/Middlewares/Third_Party/LwIP/src/apps/httpd/httpd.c:2361:1:http_sent	8	static
C:/Users/Sasha/STM32Cube/Repository/STM32Cube_FW_F2_V1.9.5/Middlewares/Third_Party/LwIP/src/apps/httpd/httpd.c:2388:1:http_poll	8	static
C:/Users/Sasha/STM32Cube/Repository/STM32Cube_FW_F2_V1.9.5/Middlewares/Third_Party/LwIP/src/apps/httpd/httpd.c:2436:1:http_recv	64	static
C:/Users/Sasha/STM32Cube/Repository/STM32Cube_FW_F2_V1.9.5/Middlewares/Third_Party/LwIP/src/apps/httpd/httpd.c:2562:1:httpd_init	8	static
